<html>
<body>
<pre>
<h1>礦ision Build Log</h1>
<h2>Tool Versions:</h2>
IDE-Version: μVision V5.18.0.0
Copyright (C) 2016 ARM Ltd and ARM Germany GmbH. All rights reserved.
License Information: fu steven, qCode, LIC=DSNGK-ZB4CU-D0AN3-AWSL2-2LW25-IBCTV
 
Tool Versions:
Toolchain:       MDK-ARM Professional  Version: 5.18
Toolchain Path:  X:\Keil_v5\ARM\ARMCC\Bin
C Compiler:      Armcc.exe V5.06 update 1 (build 61)
Assembler:       Armasm.exe V5.06 update 1 (build 61)
Linker/Locator:  ArmLink.exe V5.06 update 1 (build 61)
Library Manager: ArmAr.exe V5.06 update 1 (build 61)
Hex Converter:   FromElf.exe V5.06 update 1 (build 61)
CPU DLL:         SARMCM3.DLL V5.18
Dialog DLL:      DCM.DLL V1.13.6.0
Target DLL:      Segger\JL2CM3.dll V2.99.18.0
Dialog DLL:      TCM.DLL V1.14.8.0
 
<h2>Project:</h2>
X:\stm32f4\探索者F4 资料盘(A盘)\4，程序源码\2，标准例程-库函数版本\实验55 网络通信实验\USER\LWIP.uvprojx
Project File Date:  11/23/2016

<h2>Output:</h2>
*** Using Compiler 'V5.06 update 1 (build 61)', folder: 'X:\Keil_v5\ARM\ARMCC\Bin'
Build target 'LWIP'
compiling tcp_client_demo.c...
linking...
Program Size: Code=79028 RO-data=7820 RW-data=708 ZI-data=396284  
FromELF: creating hex file...
"..\OBJ\LWIP.axf" - 0 Error(s), 0 Warning(s).

<h2>Collection of Component include folders:</h2>
  X:\stm32f4\探索者F4 资料盘(A盘)\4，程序源码\2，标准例程-库函数版本\实验55 网络通信实验\USER\RTE
  X:\Keil_v5\ARM\PACK\Keil\STM32F4xx_DFP\2.7.0\Drivers\CMSIS\Device\ST\STM32F4xx\Include

<h2>Collection of Component Files used:</h2>
Build Time Elapsed:  00:00:02
</pre>
</body>
</html>
