Component: ARM Compiler 5.06 update 1 (build 61) Tool: armlink [4d35a8]

==============================================================================

Section Cross References

    main.o(.text) refers to _printf_percent.o(.ARM.Collect$$_printf_percent$$00000000) for _printf_percent
    main.o(.text) refers to _printf_d.o(.ARM.Collect$$_printf_percent$$00000009) for _printf_d
    main.o(.text) refers to _printf_dec.o(.text) for _printf_int_dec
    main.o(.text) refers to lcd.o(.text) for LCD_Fill
    main.o(.text) refers to noretval__2sprintf.o(.text) for __2sprintf
    main.o(.text) refers to lan8720.o(.text) for LAN8720_Get_Speed
    main.o(.text) refers to delay.o(.text) for delay_init
    main.o(.text) refers to misc.o(.text) for NVIC_PriorityGroupConfig
    main.o(.text) refers to usart.o(.text) for uart_init
    main.o(.text) refers to led.o(.text) for LED_Init
    main.o(.text) refers to key.o(.text) for KEY_Init
    main.o(.text) refers to sram.o(.text) for FSMC_SRAM_Init
    main.o(.text) refers to beep.o(.text) for BEEP_Init
    main.o(.text) refers to rtc.o(.text) for My_RTC_Init
    main.o(.text) refers to adc.o(.text) for Adc_Init
    main.o(.text) refers to temperature.o(.text) for Adc_Temperate_Init
    main.o(.text) refers to timer.o(.text) for TIM3_Int_Init
    main.o(.text) refers to malloc.o(.text) for mymem_init
    main.o(.text) refers to lwip_comm.o(.text) for lwip_comm_init
    main.o(.text) refers to tcp_server_demo.o(.text) for tcp_server_test
    main.o(.text) refers to tcp_client_demo.o(.text) for tcp_client_test
    main.o(.text) refers to udp_demo.o(.text) for udp_demo_test
    main.o(.text) refers to lcd.o(.data) for POINT_COLOR
    main.o(.text) refers to lcd.o(.bss) for lcddev
    main.o(.text) refers to lwip_comm.o(.bss) for lwipdev
    system_stm32f4xx.o(.text) refers to system_stm32f4xx.o(.data) for .data
    key.o(.text) refers to stm32f4xx_rcc.o(.text) for RCC_AHB1PeriphClockCmd
    key.o(.text) refers to stm32f4xx_gpio.o(.text) for GPIO_Init
    key.o(.text) refers to delay.o(.text) for delay_ms
    key.o(.text) refers to key.o(.data) for .data
    led.o(.text) refers to stm32f4xx_rcc.o(.text) for RCC_AHB1PeriphClockCmd
    led.o(.text) refers to stm32f4xx_gpio.o(.text) for GPIO_Init
    timer.o(.text) refers to stm32f4xx_rcc.o(.text) for RCC_APB1PeriphClockCmd
    timer.o(.text) refers to stm32f4xx_tim.o(.text) for TIM_TimeBaseInit
    timer.o(.text) refers to misc.o(.text) for NVIC_Init
    timer.o(.text) refers to lwip_comm.o(.data) for lwip_localtime
    lcd.o(.text) refers to _printf_percent.o(.ARM.Collect$$_printf_percent$$00000000) for _printf_percent
    lcd.o(.text) refers to _printf_x.o(.ARM.Collect$$_printf_percent$$0000000C) for _printf_x
    lcd.o(.text) refers to _printf_hex_int.o(.text) for _printf_longlong_hex
    lcd.o(.text) refers to delay.o(.text) for delay_us
    lcd.o(.text) refers to lcd.o(.bss) for .bss
    lcd.o(.text) refers to dflt_clz.o(x$fpl$dfltu) for __aeabi_ui2d
    lcd.o(.text) refers to dmul.o(x$fpl$dmul) for __aeabi_dmul
    lcd.o(.text) refers to dfixu.o(x$fpl$dfixu) for __aeabi_d2uiz
    lcd.o(.text) refers to lcd.o(.data) for .data
    lcd.o(.text) refers to stm32f4xx_rcc.o(.text) for RCC_AHB1PeriphClockCmd
    lcd.o(.text) refers to stm32f4xx_gpio.o(.text) for GPIO_Init
    lcd.o(.text) refers to stm32f4xx_fsmc.o(.text) for FSMC_NORSRAMInit
    lcd.o(.text) refers to noretval__2printf.o(.text) for __2printf
    lcd.o(.text) refers to lcd.o(.constdata) for .constdata
    lan8720.o(.text) refers to stm32f4xx_rcc.o(.text) for RCC_AHB1PeriphClockCmd
    lan8720.o(.text) refers to stm32f4x7_eth.o(.text) for ETH_DeInit
    lan8720.o(.text) refers to stm32f4xx_syscfg.o(.text) for SYSCFG_ETH_MediaInterfaceConfig
    lan8720.o(.text) refers to stm32f4xx_gpio.o(.text) for GPIO_Init
    lan8720.o(.text) refers to delay.o(.text) for delay_ms
    lan8720.o(.text) refers to misc.o(.text) for NVIC_Init
    lan8720.o(.text) refers to lwip_comm.o(.text) for lwip_pkt_handle
    lan8720.o(.text) refers to malloc.o(.text) for myfree
    lan8720.o(.text) refers to stm32f4x7_eth.o(.data) for DMARxDescToGet
    lan8720.o(.text) refers to lan8720.o(.data) for .data
    sram.o(.text) refers to stm32f4xx_rcc.o(.text) for RCC_AHB1PeriphClockCmd
    sram.o(.text) refers to stm32f4xx_gpio.o(.text) for GPIO_Init
    sram.o(.text) refers to stm32f4xx_fsmc.o(.text) for FSMC_NORSRAMInit
    adc.o(.text) refers to stm32f4xx_rcc.o(.text) for RCC_APB2PeriphClockCmd
    adc.o(.text) refers to stm32f4xx_gpio.o(.text) for GPIO_Init
    adc.o(.text) refers to stm32f4xx_adc.o(.text) for ADC_CommonInit
    adc.o(.text) refers to delay.o(.text) for delay_ms
    beep.o(.text) refers to stm32f4xx_rcc.o(.text) for RCC_AHB1PeriphClockCmd
    beep.o(.text) refers to stm32f4xx_gpio.o(.text) for GPIO_Init
    temperature.o(.text) refers to stm32f4xx_rcc.o(.text) for RCC_APB2PeriphClockCmd
    temperature.o(.text) refers to stm32f4xx_gpio.o(.text) for GPIO_Init
[...]
    TIM_ITConfig                             0x080069f7   Thumb Code    16  stm32f4xx_tim.o(.text)
    TIM_GenerateEvent                        0x08006a07   Thumb Code     4  stm32f4xx_tim.o(.text)
    TIM_GetFlagStatus                        0x08006a0b   Thumb Code    14  stm32f4xx_tim.o(.text)
    TIM_ClearFlag                            0x08006a19   Thumb Code     6  stm32f4xx_tim.o(.text)
    TIM_GetITStatus                          0x08006a1f   Thumb Code    24  stm32f4xx_tim.o(.text)
    TIM_ClearITPendingBit                    0x08006a37   Thumb Code     6  stm32f4xx_tim.o(.text)
    TIM_DMAConfig                            0x08006a3d   Thumb Code     8  stm32f4xx_tim.o(.text)
    TIM_DMACmd                               0x08006a45   Thumb Code    16  stm32f4xx_tim.o(.text)
    TIM_SelectCCDMA                          0x08006a55   Thumb Code    20  stm32f4xx_tim.o(.text)
    TIM_InternalClockConfig                  0x08006a69   Thumb Code    10  stm32f4xx_tim.o(.text)
    TIM_SelectInputTrigger                   0x08006a73   Thumb Code    12  stm32f4xx_tim.o(.text)
    TIM_ITRxExternalClockConfig              0x08006a7f   Thumb Code    18  stm32f4xx_tim.o(.text)
    TIM_TIxExternalClockConfig               0x08006a91   Thumb Code    46  stm32f4xx_tim.o(.text)
    TIM_ETRConfig                            0x08006abf   Thumb Code    24  stm32f4xx_tim.o(.text)
    TIM_ETRClockMode1Config                  0x08006ad7   Thumb Code    18  stm32f4xx_tim.o(.text)
    TIM_ETRClockMode2Config                  0x08006ae9   Thumb Code    18  stm32f4xx_tim.o(.text)
    TIM_SelectOutputTrigger                  0x08006afb   Thumb Code    16  stm32f4xx_tim.o(.text)
    TIM_SelectSlaveMode                      0x08006b0b   Thumb Code    16  stm32f4xx_tim.o(.text)
    TIM_SelectMasterSlaveMode                0x08006b1b   Thumb Code    16  stm32f4xx_tim.o(.text)
    TIM_EncoderInterfaceConfig               0x08006b2b   Thumb Code    50  stm32f4xx_tim.o(.text)
    TIM_SelectHallSensor                     0x08006b5d   Thumb Code    20  stm32f4xx_tim.o(.text)
    TIM_RemapConfig                          0x08006b71   Thumb Code     6  stm32f4xx_tim.o(.text)
    USART_DeInit                             0x08006ba5   Thumb Code   138  stm32f4xx_usart.o(.text)
    USART_Init                               0x08006c2f   Thumb Code   164  stm32f4xx_usart.o(.text)
    USART_StructInit                         0x08006cd3   Thumb Code    22  stm32f4xx_usart.o(.text)
    USART_ClockInit                          0x08006ce9   Thumb Code    28  stm32f4xx_usart.o(.text)
    USART_ClockStructInit                    0x08006d05   Thumb Code    12  stm32f4xx_usart.o(.text)
    USART_Cmd                                0x08006d11   Thumb Code    20  stm32f4xx_usart.o(.text)
    USART_SetPrescaler                       0x08006d25   Thumb Code    16  stm32f4xx_usart.o(.text)
    USART_OverSampling8Cmd                   0x08006d35   Thumb Code    20  stm32f4xx_usart.o(.text)
    USART_OneBitMethodCmd                    0x08006d49   Thumb Code    20  stm32f4xx_usart.o(.text)
    USART_SendData                           0x08006d5d   Thumb Code     8  stm32f4xx_usart.o(.text)
    USART_ReceiveData                        0x08006d65   Thumb Code     8  stm32f4xx_usart.o(.text)
    USART_SetAddress                         0x08006d6d   Thumb Code    16  stm32f4xx_usart.o(.text)
    USART_ReceiverWakeUpCmd                  0x08006d7d   Thumb Code    20  stm32f4xx_usart.o(.text)
    USART_WakeUpConfig                       0x08006d91   Thumb Code    16  stm32f4xx_usart.o(.text)
    USART_LINBreakDetectLengthConfig         0x08006da1   Thumb Code    16  stm32f4xx_usart.o(.text)
    USART_LINCmd                             0x08006db1   Thumb Code    20  stm32f4xx_usart.o(.text)
    USART_SendBreak                          0x08006dc5   Thumb Code    10  stm32f4xx_usart.o(.text)
    USART_HalfDuplexCmd                      0x08006dcf   Thumb Code    20  stm32f4xx_usart.o(.text)
    USART_SetGuardTime                       0x08006de3   Thumb Code    16  stm32f4xx_usart.o(.text)
    USART_SmartCardCmd                       0x08006df3   Thumb Code    20  stm32f4xx_usart.o(.text)
    USART_SmartCardNACKCmd                   0x08006e07   Thumb Code    20  stm32f4xx_usart.o(.text)
    USART_IrDAConfig                         0x08006e1b   Thumb Code    16  stm32f4xx_usart.o(.text)
    USART_IrDACmd                            0x08006e2b   Thumb Code    20  stm32f4xx_usart.o(.text)
    USART_DMACmd                             0x08006e3f   Thumb Code    16  stm32f4xx_usart.o(.text)
    USART_ITConfig                           0x08006e4f   Thumb Code    48  stm32f4xx_usart.o(.text)
    USART_GetFlagStatus                      0x08006e7f   Thumb Code    14  stm32f4xx_usart.o(.text)
    USART_ClearFlag                          0x08006e8d   Thumb Code     6  stm32f4xx_usart.o(.text)
    USART_GetITStatus                        0x08006e93   Thumb Code    62  stm32f4xx_usart.o(.text)
    USART_ClearITPendingBit                  0x08006ed1   Thumb Code    12  stm32f4xx_usart.o(.text)
    ETH_DeInit                               0x08006efd   Thumb Code    24  stm32f4x7_eth.o(.text)
    ETH_StructInit                           0x08006f15   Thumb Code   136  stm32f4x7_eth.o(.text)
    ETH_WritePHYRegister                     0x08006f9d   Thumb Code    76  stm32f4x7_eth.o(.text)
    ETH_ReadPHYRegister                      0x08006fe9   Thumb Code    80  stm32f4x7_eth.o(.text)
    ETH_Init                                 0x08007039   Thumb Code   520  stm32f4x7_eth.o(.text)
    ETH_DMAReceptionCmd                      0x08007241   Thumb Code    22  stm32f4x7_eth.o(.text)
    ETH_DMATransmissionCmd                   0x08007257   Thumb Code    22  stm32f4x7_eth.o(.text)
    ETH_MACReceptionCmd                      0x0800726d   Thumb Code    22  stm32f4x7_eth.o(.text)
    ETH_FlushTransmitFIFO                    0x08007283   Thumb Code    12  stm32f4x7_eth.o(.text)
    ETH_MACTransmissionCmd                   0x0800728f   Thumb Code    22  stm32f4x7_eth.o(.text)
    ETH_Start                                0x080072a5   Thumb Code    32  stm32f4x7_eth.o(.text)
    ETH_GetFlowControlBusyStatus             0x080072c5   Thumb Code    14  stm32f4x7_eth.o(.text)
    ETH_InitiatePauseControlFrame            0x080072d3   Thumb Code    12  stm32f4x7_eth.o(.text)
    ETH_BackPressureActivationCmd            0x080072df   Thumb Code    22  stm32f4x7_eth.o(.text)
    ETH_GetMACFlagStatus                     0x080072f5   Thumb Code    16  stm32f4x7_eth.o(.text)
    ETH_GetMACITStatus                       0x08007305   Thumb Code    16  stm32f4x7_eth.o(.text)
    ETH_MACITConfig                          0x08007315   Thumb Code    18  stm32f4x7_eth.o(.text)
    ETH_MACAddressConfig                     0x08007327   Thumb Code    22  stm32f4x7_eth.o(.text)
    ETH_GetMACAddress                        0x0800733d   Thumb Code    30  stm32f4x7_eth.o(.text)
    ETH_MACAddressPerfectFilterCmd           0x0800735b   Thumb Code    24  stm32f4x7_eth.o(.text)
    ETH_MACAddressFilterConfig               0x08007373   Thumb Code    82  stm32f4x7_eth.o(.text)
    ETH_MACAddressMaskBytesFilterConfig      0x080073c5   Thumb Code    20  stm32f4x7_eth.o(.text)
    ETH_Get_Received_Frame                   0x080073d9   Thumb Code    42  stm32f4x7_eth.o(.text)
    ETH_Get_Received_Frame_interrupt         0x08007403   Thumb Code   134  stm32f4x7_eth.o(.text)
    ETH_Prepare_Transmit_Descriptors         0x08007489   Thumb Code   168  stm32f4x7_eth.o(.text)
    ETH_DMARxDescChainInit                   0x08007531   Thumb Code    74  stm32f4x7_eth.o(.text)
    ETH_CheckFrameReceived                   0x0800757b   Thumb Code    96  stm32f4x7_eth.o(.text)
    ETH_DMATxDescChainInit                   0x080075db   Thumb Code    62  stm32f4x7_eth.o(.text)
    ETH_GetDMATxDescFlagStatus               0x08007619   Thumb Code    14  stm32f4x7_eth.o(.text)
    ETH_GetDMATxDescCollisionCount           0x08007627   Thumb Code     8  stm32f4x7_eth.o(.text)
    ETH_SetDMATxDescOwnBit                   0x0800762f   Thumb Code    10  stm32f4x7_eth.o(.text)
    ETH_DMATxDescTransmitITConfig            0x08007639   Thumb Code    20  stm32f4x7_eth.o(.text)
    ETH_DMATxDescFrameSegmentConfig          0x0800764d   Thumb Code     8  stm32f4x7_eth.o(.text)
    ETH_DMATxDescChecksumInsertionConfig     0x08007655   Thumb Code     8  stm32f4x7_eth.o(.text)
    ETH_DMATxDescCRCCmd                      0x0800765d   Thumb Code    20  stm32f4x7_eth.o(.text)
    ETH_DMATxDescSecondAddressChainedCmd     0x08007671   Thumb Code    20  stm32f4x7_eth.o(.text)
    ETH_DMATxDescShortFramePaddingCmd        0x08007685   Thumb Code    20  stm32f4x7_eth.o(.text)
    ETH_DMATxDescBufferSizeConfig            0x08007699   Thumb Code    12  stm32f4x7_eth.o(.text)
    ETH_GetDMARxDescFlagStatus               0x080076a5   Thumb Code    14  stm32f4x7_eth.o(.text)
    ETH_GetDMAPTPRxDescExtendedFlagStatus    0x080076b3   Thumb Code    14  stm32f4x7_eth.o(.text)
    ETH_SetDMARxDescOwnBit                   0x080076c1   Thumb Code    10  stm32f4x7_eth.o(.text)
    ETH_GetDMARxDescFrameLength              0x080076cb   Thumb Code     8  stm32f4x7_eth.o(.text)
    ETH_DMARxDescReceiveITConfig             0x080076d3   Thumb Code    18  stm32f4x7_eth.o(.text)
    ETH_GetDMARxDescBufferSize               0x080076e5   Thumb Code    16  stm32f4x7_eth.o(.text)
    ETH_GetRxPktSize                         0x080076f5   Thumb Code    30  stm32f4x7_eth.o(.text)
    ETH_EnhancedDescriptorCmd                0x08007713   Thumb Code    22  stm32f4x7_eth.o(.text)
    ETH_SoftwareReset                        0x08007729   Thumb Code    12  stm32f4x7_eth.o(.text)
    ETH_GetSoftwareResetStatus               0x08007735   Thumb Code    14  stm32f4x7_eth.o(.text)
    ETH_GetDMAFlagStatus                     0x08007743   Thumb Code    16  stm32f4x7_eth.o(.text)
    ETH_DMAClearFlag                         0x08007753   Thumb Code     6  stm32f4x7_eth.o(.text)
    ETH_DMAITConfig                          0x08007759   Thumb Code    18  stm32f4x7_eth.o(.text)
    ETH_GetDMAITStatus                       0x0800776b   Thumb Code    16  stm32f4x7_eth.o(.text)
    ETH_DMAClearITPendingBit                 0x0800777b   Thumb Code     6  stm32f4x7_eth.o(.text)
    ETH_GetTransmitProcessState              0x08007781   Thumb Code    10  stm32f4x7_eth.o(.text)
    ETH_GetReceiveProcessState               0x0800778b   Thumb Code    10  stm32f4x7_eth.o(.text)
    ETH_GetFlushTransmitFIFOStatus           0x08007795   Thumb Code    32  stm32f4x7_eth.o(.text)
    ETH_GetDMAOverflowStatus                 0x080077b5   Thumb Code    16  stm32f4x7_eth.o(.text)
    ETH_GetRxOverflowMissedFrameCounter      0x080077c5   Thumb Code    10  stm32f4x7_eth.o(.text)
    ETH_GetBufferUnavailableMissedFrameCounter 0x080077cf   Thumb Code     8  stm32f4x7_eth.o(.text)
    ETH_GetCurrentTxDescStartAddress         0x080077d7   Thumb Code     6  stm32f4x7_eth.o(.text)
    ETH_GetCurrentRxDescStartAddress         0x080077dd   Thumb Code     6  stm32f4x7_eth.o(.text)
    ETH_GetCurrentTxBufferAddress            0x080077e3   Thumb Code     6  stm32f4x7_eth.o(.text)
    ETH_GetCurrentRxBufferAddress            0x080077e9   Thumb Code     6  stm32f4x7_eth.o(.text)
    ETH_ResumeDMATransmission                0x080077ef   Thumb Code     8  stm32f4x7_eth.o(.text)
    ETH_ResumeDMAReception                   0x080077f7   Thumb Code     8  stm32f4x7_eth.o(.text)
    ETH_SetReceiveWatchdogTimer              0x080077ff   Thumb Code     6  stm32f4x7_eth.o(.text)
    ETH_PHYLoopBackCmd                       0x08007805   Thumb Code    40  stm32f4x7_eth.o(.text)
    ETH_ResetWakeUpFrameFilterRegisterPointer 0x0800782d   Thumb Code    12  stm32f4x7_eth.o(.text)
    ETH_SetWakeUpFrameFilterRegister         0x08007839   Thumb Code    18  stm32f4x7_eth.o(.text)
    ETH_GlobalUnicastWakeUpCmd               0x0800784b   Thumb Code    22  stm32f4x7_eth.o(.text)
    ETH_GetPMTFlagStatus                     0x08007861   Thumb Code    16  stm32f4x7_eth.o(.text)
    ETH_WakeUpFrameDetectionCmd              0x08007871   Thumb Code    22  stm32f4x7_eth.o(.text)
    ETH_MagicPacketDetectionCmd              0x08007887   Thumb Code    22  stm32f4x7_eth.o(.text)
    ETH_PowerDownCmd                         0x0800789d   Thumb Code    22  stm32f4x7_eth.o(.text)
    ETH_MMCCounterFullPreset                 0x080078b3   Thumb Code    16  stm32f4x7_eth.o(.text)
    ETH_MMCCounterHalfPreset                 0x080078c3   Thumb Code    28  stm32f4x7_eth.o(.text)
    ETH_MMCCounterFreezeCmd                  0x080078df   Thumb Code    26  stm32f4x7_eth.o(.text)
    ETH_MMCResetOnReadCmd                    0x080078f9   Thumb Code    26  stm32f4x7_eth.o(.text)
    ETH_MMCCounterRolloverCmd                0x08007913   Thumb Code    26  stm32f4x7_eth.o(.text)
    ETH_MMCCountersReset                     0x0800792d   Thumb Code    16  stm32f4x7_eth.o(.text)
    ETH_MMCITConfig                          0x0800793d   Thumb Code    50  stm32f4x7_eth.o(.text)
    ETH_GetMMCITStatus                       0x0800796f   Thumb Code    36  stm32f4x7_eth.o(.text)
    ETH_GetMMCRegister                       0x08007993   Thumb Code     6  stm32f4x7_eth.o(.text)
    ADC_DeInit                               0x080079b5   Thumb Code    24  stm32f4xx_adc.o(.text)
    ADC_Init                                 0x080079cd   Thumb Code    66  stm32f4xx_adc.o(.text)
    ADC_StructInit                           0x08007a0f   Thumb Code    20  stm32f4xx_adc.o(.text)
    ADC_CommonInit                           0x08007a23   Thumb Code    34  stm32f4xx_adc.o(.text)
    ADC_CommonStructInit                     0x08007a45   Thumb Code    12  stm32f4xx_adc.o(.text)
    ADC_Cmd                                  0x08007a51   Thumb Code    20  stm32f4xx_adc.o(.text)
    ADC_AnalogWatchdogCmd                    0x08007a65   Thumb Code    12  stm32f4xx_adc.o(.text)
    ADC_AnalogWatchdogThresholdsConfig       0x08007a71   Thumb Code     6  stm32f4xx_adc.o(.text)
    ADC_AnalogWatchdogSingleChannelConfig    0x08007a77   Thumb Code    12  stm32f4xx_adc.o(.text)
    ADC_TempSensorVrefintCmd                 0x08007a83   Thumb Code    26  stm32f4xx_adc.o(.text)
    ADC_VBATCmd                              0x08007a9d   Thumb Code    26  stm32f4xx_adc.o(.text)
    ADC_RegularChannelConfig                 0x08007ab7   Thumb Code   116  stm32f4xx_adc.o(.text)
    ADC_SoftwareStartConv                    0x08007b2b   Thumb Code    10  stm32f4xx_adc.o(.text)
    ADC_GetSoftwareStartConvStatus           0x08007b35   Thumb Code    14  stm32f4xx_adc.o(.text)
    ADC_EOCOnEachRegularChannelCmd           0x08007b43   Thumb Code    20  stm32f4xx_adc.o(.text)
    ADC_ContinuousModeCmd                    0x08007b57   Thumb Code    20  stm32f4xx_adc.o(.text)
    ADC_DiscModeChannelCountConfig           0x08007b6b   Thumb Code    16  stm32f4xx_adc.o(.text)
    ADC_DiscModeCmd                          0x08007b7b   Thumb Code    20  stm32f4xx_adc.o(.text)
    ADC_GetConversionValue                   0x08007b8f   Thumb Code     6  stm32f4xx_adc.o(.text)
    ADC_GetMultiModeConversionValue          0x08007b95   Thumb Code     8  stm32f4xx_adc.o(.text)
    ADC_DMACmd                               0x08007b9d   Thumb Code    20  stm32f4xx_adc.o(.text)
    ADC_DMARequestAfterLastTransferCmd       0x08007bb1   Thumb Code    20  stm32f4xx_adc.o(.text)
    ADC_MultiModeDMARequestAfterLastTransferCmd 0x08007bc5   Thumb Code    26  stm32f4xx_adc.o(.text)
    ADC_InjectedChannelConfig                0x08007bdf   Thumb Code    74  stm32f4xx_adc.o(.text)
    ADC_InjectedSequencerLengthConfig        0x08007c29   Thumb Code    16  stm32f4xx_adc.o(.text)
    ADC_SetInjectedOffset                    0x08007c39   Thumb Code    10  stm32f4xx_adc.o(.text)
    ADC_ExternalTrigInjectedConvConfig       0x08007c43   Thumb Code    12  stm32f4xx_adc.o(.text)
    ADC_ExternalTrigInjectedConvEdgeConfig   0x08007c4f   Thumb Code    12  stm32f4xx_adc.o(.text)
    ADC_SoftwareStartInjectedConv            0x08007c5b   Thumb Code    10  stm32f4xx_adc.o(.text)
    ADC_GetSoftwareStartInjectedConvCmdStatus 0x08007c65   Thumb Code    14  stm32f4xx_adc.o(.text)
    ADC_AutoInjectedConvCmd                  0x08007c73   Thumb Code    20  stm32f4xx_adc.o(.text)
    ADC_InjectedDiscModeCmd                  0x08007c87   Thumb Code    20  stm32f4xx_adc.o(.text)
    ADC_GetInjectedConversionValue           0x08007c9b   Thumb Code    14  stm32f4xx_adc.o(.text)
    ADC_ITConfig                             0x08007ca9   Thumb Code    18  stm32f4xx_adc.o(.text)
    ADC_GetFlagStatus                        0x08007cbb   Thumb Code    14  stm32f4xx_adc.o(.text)
    ADC_ClearFlag                            0x08007cc9   Thumb Code     6  stm32f4xx_adc.o(.text)
    ADC_GetITStatus                          0x08007ccf   Thumb Code    30  stm32f4xx_adc.o(.text)
    ADC_ClearITPendingBit                    0x08007ced   Thumb Code     8  stm32f4xx_adc.o(.text)
    FSMC_NORSRAMDeInit                       0x08007d09   Thumb Code    38  stm32f4xx_fsmc.o(.text)
    FSMC_NORSRAMInit                         0x08007d2f   Thumb Code   200  stm32f4xx_fsmc.o(.text)
    FSMC_NORSRAMStructInit                   0x08007df7   Thumb Code    42  stm32f4xx_fsmc.o(.text)
    FSMC_NORSRAMCmd                          0x08007e21   Thumb Code    26  stm32f4xx_fsmc.o(.text)
    FSMC_NANDDeInit                          0x08007e3b   Thumb Code    40  stm32f4xx_fsmc.o(.text)
    FSMC_NANDInit                            0x08007e63   Thumb Code   104  stm32f4xx_fsmc.o(.text)
    FSMC_NANDStructInit                      0x08007ecb   Thumb Code    54  stm32f4xx_fsmc.o(.text)
    FSMC_NANDCmd                             0x08007f01   Thumb Code    54  stm32f4xx_fsmc.o(.text)
    FSMC_NANDECCCmd                          0x08007f37   Thumb Code    54  stm32f4xx_fsmc.o(.text)
    FSMC_GetECC                              0x08007f6d   Thumb Code    18  stm32f4xx_fsmc.o(.text)
    FSMC_PCCARDDeInit                        0x08007f7f   Thumb Code    26  stm32f4xx_fsmc.o(.text)
    FSMC_PCCARDInit                          0x08007f99   Thumb Code   102  stm32f4xx_fsmc.o(.text)
    FSMC_PCCARDStructInit                    0x08007fff   Thumb Code    60  stm32f4xx_fsmc.o(.text)
    FSMC_PCCARDCmd                           0x0800803b   Thumb Code    28  stm32f4xx_fsmc.o(.text)
    FSMC_ITConfig                            0x08008057   Thumb Code    72  stm32f4xx_fsmc.o(.text)
    FSMC_GetFlagStatus                       0x0800809f   Thumb Code    40  stm32f4xx_fsmc.o(.text)
    FSMC_ClearFlag                           0x080080c7   Thumb Code    38  stm32f4xx_fsmc.o(.text)
    FSMC_GetITStatus                         0x080080ed   Thumb Code    48  stm32f4xx_fsmc.o(.text)
    FSMC_ClearITPendingBit                   0x0800811d   Thumb Code    42  stm32f4xx_fsmc.o(.text)
    RTC_WaitForSynchro                       0x08008151   Thumb Code    70  stm32f4xx_rtc.o(.text)
    RTC_EnterInitMode                        0x08008197   Thumb Code    58  stm32f4xx_rtc.o(.text)
    RTC_DeInit                               0x080081d1   Thumb Code   168  stm32f4xx_rtc.o(.text)
    RTC_ExitInitMode                         0x08008279   Thumb Code    14  stm32f4xx_rtc.o(.text)
    RTC_Init                                 0x08008287   Thumb Code    74  stm32f4xx_rtc.o(.text)
    RTC_StructInit                           0x080082d1   Thumb Code    14  stm32f4xx_rtc.o(.text)
    RTC_WriteProtectionCmd                   0x080082df   Thumb Code    18  stm32f4xx_rtc.o(.text)
    RTC_RefClockCmd                          0x080082f1   Thumb Code    56  stm32f4xx_rtc.o(.text)
    RTC_BypassShadowCmd                      0x08008329   Thumb Code    38  stm32f4xx_rtc.o(.text)
    RTC_SetTime                              0x0800834f   Thumb Code   148  stm32f4xx_rtc.o(.text)
    RTC_TimeStructInit                       0x080083e3   Thumb Code    12  stm32f4xx_rtc.o(.text)
    RTC_GetTime                              0x080083ef   Thumb Code    70  stm32f4xx_rtc.o(.text)
    RTC_GetSubSecond                         0x08008435   Thumb Code    14  stm32f4xx_rtc.o(.text)
    RTC_SetDate                              0x08008443   Thumb Code   142  stm32f4xx_rtc.o(.text)
    RTC_DateStructInit                       0x080084d1   Thumb Code    14  stm32f4xx_rtc.o(.text)
    RTC_GetDate                              0x080084df   Thumb Code    66  stm32f4xx_rtc.o(.text)
    RTC_SetAlarm                             0x08008521   Thumb Code   184  stm32f4xx_rtc.o(.text)
    RTC_AlarmStructInit                      0x080085d9   Thumb Code    20  stm32f4xx_rtc.o(.text)
    RTC_GetAlarm                             0x080085ed   Thumb Code   104  stm32f4xx_rtc.o(.text)
    RTC_AlarmCmd                             0x08008655   Thumb Code    78  stm32f4xx_rtc.o(.text)
    RTC_AlarmSubSecondConfig                 0x080086a3   Thumb Code    38  stm32f4xx_rtc.o(.text)
    RTC_GetAlarmSubSecond                    0x080086c9   Thumb Code    24  stm32f4xx_rtc.o(.text)
    RTC_WakeUpClockConfig                    0x080086e1   Thumb Code    34  stm32f4xx_rtc.o(.text)
    RTC_SetWakeUpCounter                     0x08008703   Thumb Code    22  stm32f4xx_rtc.o(.text)
    RTC_GetWakeUpCounter                     0x08008719   Thumb Code    10  stm32f4xx_rtc.o(.text)
    RTC_WakeUpCmd                            0x08008723   Thumb Code    84  stm32f4xx_rtc.o(.text)
    RTC_DayLightSavingConfig                 0x08008777   Thumb Code    38  stm32f4xx_rtc.o(.text)
    RTC_GetStoreOperation                    0x0800879d   Thumb Code    12  stm32f4xx_rtc.o(.text)
    RTC_OutputConfig                         0x080087a9   Thumb Code    38  stm32f4xx_rtc.o(.text)
    RTC_CoarseCalibConfig                    0x080087cf   Thumb Code    46  stm32f4xx_rtc.o(.text)
    RTC_CoarseCalibCmd                       0x080087fd   Thumb Code    56  stm32f4xx_rtc.o(.text)
    RTC_CalibOutputCmd                       0x08008835   Thumb Code    38  stm32f4xx_rtc.o(.text)
    RTC_CalibOutputConfig                    0x0800885b   Thumb Code    34  stm32f4xx_rtc.o(.text)
    RTC_SmoothCalibConfig                    0x0800887d   Thumb Code    70  stm32f4xx_rtc.o(.text)
    RTC_TimeStampCmd                         0x080088c3   Thumb Code    42  stm32f4xx_rtc.o(.text)
    RTC_GetTimeStamp                         0x080088ed   Thumb Code   130  stm32f4xx_rtc.o(.text)
    RTC_GetTimeStampSubSecond                0x0800896f   Thumb Code     8  stm32f4xx_rtc.o(.text)
    RTC_TamperTriggerConfig                  0x08008977   Thumb Code    24  stm32f4xx_rtc.o(.text)
    RTC_TamperCmd                            0x0800898f   Thumb Code    28  stm32f4xx_rtc.o(.text)
    RTC_TamperFilterConfig                   0x080089ab   Thumb Code    18  stm32f4xx_rtc.o(.text)
    RTC_TamperSamplingFreqConfig             0x080089bd   Thumb Code    18  stm32f4xx_rtc.o(.text)
    RTC_TamperPinsPrechargeDuration          0x080089cf   Thumb Code    18  stm32f4xx_rtc.o(.text)
    RTC_TimeStampOnTamperDetectionCmd        0x080089e1   Thumb Code    22  stm32f4xx_rtc.o(.text)
    RTC_TamperPullUpCmd                      0x080089f7   Thumb Code    22  stm32f4xx_rtc.o(.text)
    RTC_WriteBackupRegister                  0x08008a0d   Thumb Code    16  stm32f4xx_rtc.o(.text)
    RTC_ReadBackupRegister                   0x08008a1d   Thumb Code    16  stm32f4xx_rtc.o(.text)
    RTC_TamperPinSelection                   0x08008a2d   Thumb Code    18  stm32f4xx_rtc.o(.text)
    RTC_TimeStampPinSelection                0x08008a3f   Thumb Code    18  stm32f4xx_rtc.o(.text)
    RTC_OutputTypeConfig                     0x08008a51   Thumb Code    18  stm32f4xx_rtc.o(.text)
    RTC_SynchroShiftConfig                   0x08008a63   Thumb Code    84  stm32f4xx_rtc.o(.text)
    RTC_ITConfig                             0x08008ab7   Thumb Code    60  stm32f4xx_rtc.o(.text)
    RTC_GetFlagStatus                        0x08008af3   Thumb Code    22  stm32f4xx_rtc.o(.text)
    RTC_ClearFlag                            0x08008b09   Thumb Code    24  stm32f4xx_rtc.o(.text)
    RTC_GetITStatus                          0x08008b21   Thumb Code    46  stm32f4xx_rtc.o(.text)
    RTC_ClearITPendingBit                    0x08008b4f   Thumb Code    24  stm32f4xx_rtc.o(.text)
    EXTI_DeInit                              0x08008b9d   Thumb Code    28  stm32f4xx_exti.o(.text)
    EXTI_Init                                0x08008bb9   Thumb Code   108  stm32f4xx_exti.o(.text)
    EXTI_StructInit                          0x08008c25   Thumb Code    14  stm32f4xx_exti.o(.text)
    EXTI_GenerateSWInterrupt                 0x08008c33   Thumb Code    12  stm32f4xx_exti.o(.text)
    EXTI_GetFlagStatus                       0x08008c3f   Thumb Code    18  stm32f4xx_exti.o(.text)
    EXTI_ClearFlag                           0x08008c51   Thumb Code     8  stm32f4xx_exti.o(.text)
    EXTI_GetITStatus                         0x08008c59   Thumb Code    18  stm32f4xx_exti.o(.text)
    EXTI_ClearITPendingBit                   0x08008c6b   Thumb Code     8  stm32f4xx_exti.o(.text)
    PWR_DeInit                               0x08008c7d   Thumb Code    24  stm32f4xx_pwr.o(.text)
    PWR_BackupAccessCmd                      0x08008c95   Thumb Code     6  stm32f4xx_pwr.o(.text)
    PWR_PVDLevelConfig                       0x08008c9b   Thumb Code    14  stm32f4xx_pwr.o(.text)
    PWR_PVDCmd                               0x08008ca9   Thumb Code     6  stm32f4xx_pwr.o(.text)
    PWR_WakeUpPinCmd                         0x08008caf   Thumb Code     8  stm32f4xx_pwr.o(.text)
    PWR_BackupRegulatorCmd                   0x08008cb7   Thumb Code     8  stm32f4xx_pwr.o(.text)
    PWR_MainRegulatorModeConfig              0x08008cbf   Thumb Code    14  stm32f4xx_pwr.o(.text)
    PWR_OverDriveCmd                         0x08008ccd   Thumb Code     6  stm32f4xx_pwr.o(.text)
    PWR_OverDriveSWCmd                       0x08008cd3   Thumb Code     6  stm32f4xx_pwr.o(.text)
    PWR_UnderDriveCmd                        0x08008cd9   Thumb Code    22  stm32f4xx_pwr.o(.text)
    PWR_MainRegulatorLowVoltageCmd           0x08008cef   Thumb Code    10  stm32f4xx_pwr.o(.text)
    PWR_LowRegulatorLowVoltageCmd            0x08008cf9   Thumb Code    10  stm32f4xx_pwr.o(.text)
    PWR_FlashPowerDownCmd                    0x08008d03   Thumb Code     6  stm32f4xx_pwr.o(.text)
    PWR_EnterSTOPMode                        0x08008d09   Thumb Code    46  stm32f4xx_pwr.o(.text)
    PWR_EnterUnderDriveSTOPMode              0x08008d37   Thumb Code    46  stm32f4xx_pwr.o(.text)
    PWR_EnterSTANDBYMode                     0x08008d65   Thumb Code    24  stm32f4xx_pwr.o(.text)
    PWR_GetFlagStatus                        0x08008d7d   Thumb Code    16  stm32f4xx_pwr.o(.text)
    PWR_ClearFlag                            0x08008d8d   Thumb Code    12  stm32f4xx_pwr.o(.text)
    delay_init                               0x08008da5   Thumb Code    38  delay.o(.text)
    delay_us                                 0x08008dcb   Thumb Code    46  delay.o(.text)
    delay_xms                                0x08008df9   Thumb Code    46  delay.o(.text)
    delay_ms                                 0x08008e27   Thumb Code    50  delay.o(.text)
    _sys_exit                                0x08008e5d   Thumb Code     2  usart.o(.text)
    fputc                                    0x08008e5f   Thumb Code    14  usart.o(.text)
    uart_init                                0x08008e6d   Thumb Code   164  usart.o(.text)
    USART1_IRQHandler                        0x08008f11   Thumb Code    88  usart.o(.text)
    usmart_sys_cmd_exe                       0x08008f79   Thumb Code  1442  usmart.o(.text)
    usmart_reset_runtime                     0x0800951b   Thumb Code    40  usmart.o(.text)
    usmart_get_runtime                       0x08009543   Thumb Code    48  usmart.o(.text)
    TIM4_IRQHandler                          0x08009573   Thumb Code    50  usmart.o(.text)
    Timer4_Init                              0x080095a5   Thumb Code    88  usmart.o(.text)
    usmart_init                              0x080095fd   Thumb Code    36  usmart.o(.text)
    usmart_cmd_rec                           0x08009621   Thumb Code   144  usmart.o(.text)
    usmart_exe                               0x080096b1   Thumb Code   768  usmart.o(.text)
    usmart_scan                              0x080099b1   Thumb Code    92  usmart.o(.text)
    read_addr                                0x08009a0d   Thumb Code     4  usmart.o(.text)
    write_addr                               0x08009a11   Thumb Code     4  usmart.o(.text)
    usmart_strcmp                            0x08009a8d   Thumb Code    24  usmart_str.o(.text)
    usmart_strcopy                           0x08009aa5   Thumb Code    18  usmart_str.o(.text)
    usmart_strlen                            0x08009ab7   Thumb Code    18  usmart_str.o(.text)
    usmart_pow                               0x08009ac9   Thumb Code    16  usmart_str.o(.text)
    usmart_str2num                           0x08009ad9   Thumb Code   158  usmart_str.o(.text)
    usmart_get_cmdname                       0x08009b77   Thumb Code    46  usmart_str.o(.text)
    usmart_search_nextc                      0x08009ba5   Thumb Code    16  usmart_str.o(.text)
    usmart_get_fname                         0x08009bb5   Thumb Code   356  usmart_str.o(.text)
    usmart_get_aparm                         0x08009d19   Thumb Code   156  usmart_str.o(.text)
    usmart_get_parmpos                       0x08009db5   Thumb Code    30  usmart_str.o(.text)
    usmart_get_fparam                        0x08009dd3   Thumb Code   206  usmart_str.o(.text)
    lwip_comm_mem_free                       0x08009ead   Thumb Code    26  lwip_comm.o(.text)
    lwip_comm_mem_malloc                     0x08009ec7   Thumb Code    50  lwip_comm.o(.text)
    lwip_comm_default_ip_set                 0x08009ef9   Thumb Code    72  lwip_comm.o(.text)
    lwip_comm_init                           0x08009f41   Thumb Code   200  lwip_comm.o(.text)
    lwip_pkt_handle                          0x0800a009   Thumb Code     8  lwip_comm.o(.text)
    lwip_periodic_handle                     0x0800a011   Thumb Code    46  lwip_comm.o(.text)
    tcp_client_set_remoteip                  0x0800a125   Thumb Code   274  tcp_client_demo.o(.text)
    tcp_client_connection_close              0x0800a237   Thumb Code    72  tcp_client_demo.o(.text)
    tcp_client_senddata                      0x0800a27f   Thumb Code    94  tcp_client_demo.o(.text)
    tcp_client_poll                          0x0800a2dd   Thumb Code   150  tcp_client_demo.o(.text)
    tcp_client_sent                          0x0800a373   Thumb Code    20  tcp_client_demo.o(.text)
    tcp_client_error                         0x0800a387   Thumb Code     2  tcp_client_demo.o(.text)
    tcp_client_recv                          0x0800a389   Thumb Code   174  tcp_client_demo.o(.text)
    tcp_client_connected                     0x0800a437   Thumb Code   112  tcp_client_demo.o(.text)
    tcp_client_test                          0x0800a4a7   Thumb Code  1038  tcp_client_demo.o(.text)
    tcp_server_remove_timewait               0x0800a955   Thumb Code    54  tcp_server_demo.o(.text)
    tcp_server_connection_close              0x0800a98b   Thumb Code    72  tcp_server_demo.o(.text)
    tcp_server_senddata                      0x0800a9d3   Thumb Code    90  tcp_server_demo.o(.text)
    tcp_server_sent                          0x0800aa2d   Thumb Code    20  tcp_server_demo.o(.text)
    tcp_server_poll                          0x0800aa41   Thumb Code   106  tcp_server_demo.o(.text)
    tcp_server_error                         0x0800aaab   Thumb Code    28  tcp_server_demo.o(.text)
    tcp_server_recv                          0x0800aac7   Thumb Code   186  tcp_server_demo.o(.text)
    tcp_server_accept                        0x0800ab81   Thumb Code   124  tcp_server_demo.o(.text)
    tcp_server_test                          0x0800abfd   Thumb Code   884  tcp_server_demo.o(.text)
    udp_demo_set_remoteip                    0x0800afa9   Thumb Code   274  udp_demo.o(.text)
    udp_demo_connection_close                0x0800b0bb   Thumb Code    18  udp_demo.o(.text)
    udp_demo_senddata                        0x0800b0cd   Thumb Code    50  udp_demo.o(.text)
    udp_demo_recv                            0x0800b0ff   Thumb Code   130  udp_demo.o(.text)
    udp_demo_test                            0x0800b181   Thumb Code   848  udp_demo.o(.text)
    etharp_tmr                               0x0800b4f1   Thumb Code    66  etharp.o(.text)
    etharp_cleanup_netif                     0x0800b753   Thumb Code    42  etharp.o(.text)
    etharp_find_addr                         0x0800b77d   Thumb Code    74  etharp.o(.text)
    etharp_request                           0x0800baeb   Thumb Code    32  etharp.o(.text)
    etharp_query                             0x0800bb5f   Thumb Code   298  etharp.o(.text)
    etharp_output                            0x0800bc89   Thumb Code   306  etharp.o(.text)
    ethernet_input                           0x0800bdbb   Thumb Code   414  etharp.o(.text)
    ethernetif_input                         0x0800bf8d   Thumb Code   116  ethernetif.o(.text)
    ethernetif_init                          0x0800c001   Thumb Code    48  ethernetif.o(.text)
    icmp_input                               0x0800c135   Thumb Code   310  icmp.o(.text)
    icmp_dest_unreach                        0x0800c2e3   Thumb Code     6  icmp.o(.text)
    icmp_time_exceeded                       0x0800c2e9   Thumb Code     6  icmp.o(.text)
    inet_chksum_pseudo                       0x0800c4bb   Thumb Code   136  inet_chksum.o(.text)
    inet_chksum_pseudo_partial               0x0800c543   Thumb Code   178  inet_chksum.o(.text)
    inet_chksum                              0x0800c5f5   Thumb Code    12  inet_chksum.o(.text)
    inet_chksum_pbuf                         0x0800c601   Thumb Code    72  inet_chksum.o(.text)
    ip_route                                 0x0800c6b1   Thumb Code    54  ip.o(.text)
    ip_input                                 0x0800c6e7   Thumb Code   326  ip.o(.text)
    ip_output_if                             0x0800c82d   Thumb Code   212  ip.o(.text)
    ip_output                                0x0800c901   Thumb Code    72  ip.o(.text)
    ip4_addr_isbroadcast                     0x0800c9e5   Thumb Code    46  ip_addr.o(.text)
    ip4_addr_netmask_valid                   0x0800ca13   Thumb Code    38  ip_addr.o(.text)
    ipaddr_aton                              0x0800ca39   Thumb Code   262  ip_addr.o(.text)
    ipaddr_addr                              0x0800cb3f   Thumb Code    20  ip_addr.o(.text)
    ipaddr_ntoa_r                            0x0800cb53   Thumb Code   118  ip_addr.o(.text)
    ipaddr_ntoa                              0x0800cbc9   Thumb Code     6  ip_addr.o(.text)
    ip_reass_tmr                             0x0800cd37   Thumb Code    40  ip_frag.o(.text)
    ip_reass                                 0x0800cf25   Thumb Code   824  ip_frag.o(.text)
    ip_frag                                  0x0800d2a9   Thumb Code   382  ip_frag.o(.text)
    lwip_htons                               0x0800d465   Thumb Code     4  def.o(.text)
    lwip_ntohs                               0x0800d469   Thumb Code     4  def.o(.text)
    lwip_htonl                               0x0800d46d   Thumb Code     4  def.o(.text)
    lwip_ntohl                               0x0800d471   Thumb Code     4  def.o(.text)
    lwip_init                                0x0800d475   Thumb Code    30  init.o(.text)
    memp_get_memorysize                      0x0800d495   Thumb Code     6  memp.o(.text)
    memp_init                                0x0800d49b   Thumb Code    80  memp.o(.text)
    memp_malloc                              0x0800d4eb   Thumb Code    62  memp.o(.text)
    memp_free                                0x0800d529   Thumb Code    40  memp.o(.text)
    netif_init                               0x0800d611   Thumb Code     2  netif.o(.text)
    netif_set_gw                             0x0800d613   Thumb Code     8  netif.o(.text)
    netif_set_netmask                        0x0800d61b   Thumb Code     8  netif.o(.text)
    netif_set_ipaddr                         0x0800d623   Thumb Code    96  netif.o(.text)
    netif_set_addr                           0x0800d683   Thumb Code    30  netif.o(.text)
    netif_add                                0x0800d6a1   Thumb Code    94  netif.o(.text)
    netif_set_default                        0x0800d6ff   Thumb Code     6  netif.o(.text)
    netif_set_down                           0x0800d705   Thumb Code    26  netif.o(.text)
    netif_remove                             0x0800d71f   Thumb Code    68  netif.o(.text)
    netif_find                               0x0800d763   Thumb Code    58  netif.o(.text)
    netif_set_up                             0x0800d79d   Thumb Code    32  netif.o(.text)
    netif_set_link_up                        0x0800d7bd   Thumb Code    32  netif.o(.text)
    netif_set_link_down                      0x0800d7dd   Thumb Code    18  netif.o(.text)
    pbuf_free                                0x0800d865   Thumb Code   170  pbuf.o(.text)
    pbuf_alloc                               0x0800d90f   Thumb Code   460  pbuf.o(.text)
    pbuf_alloced_custom                      0x0800dadb   Thumb Code   100  pbuf.o(.text)
    pbuf_realloc                             0x0800db3f   Thumb Code   186  pbuf.o(.text)
    pbuf_header                              0x0800dbf9   Thumb Code   806  pbuf.o(.text)
    pbuf_clen                                0x0800df1f   Thumb Code    18  pbuf.o(.text)
    pbuf_ref                                 0x0800df31   Thumb Code    12  pbuf.o(.text)
    pbuf_cat                                 0x0800df3d   Thumb Code   108  pbuf.o(.text)
    pbuf_chain                               0x0800dfa9   Thumb Code    16  pbuf.o(.text)
    pbuf_dechain                             0x0800dfb9   Thumb Code   102  pbuf.o(.text)
    pbuf_copy                                0x0800e01f   Thumb Code   258  pbuf.o(.text)
    pbuf_copy_partial                        0x0800e121   Thumb Code   130  pbuf.o(.text)
    pbuf_take                                0x0800e1a3   Thumb Code   146  pbuf.o(.text)
    pbuf_coalesce                            0x0800e235   Thumb Code    66  pbuf.o(.text)
    pbuf_get_at                              0x0800e277   Thumb Code    24  pbuf.o(.text)
    pbuf_memcmp                              0x0800e28f   Thumb Code   646  pbuf.o(.text)
    pbuf_memfind                             0x0800e515   Thumb Code    56  pbuf.o(.text)
    pbuf_strstr                              0x0800e54d   Thumb Code    50  pbuf.o(.text)
    raw_input                                0x0800e581   Thumb Code   104  raw.o(.text)
    raw_bind                                 0x0800e5e9   Thumb Code    10  raw.o(.text)
    raw_connect                              0x0800e5f3   Thumb Code    10  raw.o(.text)
    raw_recv                                 0x0800e5fd   Thumb Code     6  raw.o(.text)
    raw_sendto                               0x0800e603   Thumb Code   160  raw.o(.text)
    raw_send                                 0x0800e6a3   Thumb Code     4  raw.o(.text)
    raw_remove                               0x0800e6a7   Thumb Code    40  raw.o(.text)
    raw_new                                  0x0800e6cf   Thumb Code    38  raw.o(.text)
    tcp_init                                 0x0800e779   Thumb Code     2  tcp.o(.text)
    tcp_seg_free                             0x0800e77b   Thumb Code    28  tcp.o(.text)
    tcp_segs_free                            0x0800e797   Thumb Code    18  tcp.o(.text)
    tcp_pcb_purge                            0x0800e7a9   Thumb Code    58  tcp.o(.text)
    tcp_slowtmr                              0x0800e7e3   Thumb Code   754  tcp.o(.text)
    tcp_pcb_remove                           0x0800ead5   Thumb Code   126  tcp.o(.text)
    tcp_close                                0x0800ee81   Thumb Code    18  tcp.o(.text)
    tcp_update_rcv_ann_wnd                   0x0800ee93   Thumb Code    80  tcp.o(.text)
    tcp_recved                               0x0800eee3   Thumb Code   112  tcp.o(.text)
    tcp_recv_null                            0x0800ef53   Thumb Code    34  tcp.o(.text)
    tcp_process_refused_data                 0x0800ef75   Thumb Code   100  tcp.o(.text)
    tcp_fasttmr                              0x0800efd9   Thumb Code    88  tcp.o(.text)
    tcp_tmr                                  0x0800f031   Thumb Code    30  tcp.o(.text)
    tcp_shutdown                             0x0800f04f   Thumb Code    76  tcp.o(.text)
    tcp_abandon                              0x0800f09b   Thumb Code   162  tcp.o(.text)
    tcp_abort                                0x0800f13d   Thumb Code     4  tcp.o(.text)
    tcp_bind                                 0x0800f255   Thumb Code   136  tcp.o(.text)
    tcp_listen_with_backlog                  0x0800f2e3   Thumb Code   146  tcp.o(.text)
    tcp_eff_send_mss                         0x0800f375   Thumb Code    32  tcp.o(.text)
    tcp_next_iss                             0x0800f395   Thumb Code    12  tcp.o(.text)
    tcp_connect                              0x0800f3a1   Thumb Code   266  tcp.o(.text)
    tcp_setprio                              0x0800f4ab   Thumb Code     4  tcp.o(.text)
    tcp_alloc                                0x0800f4af   Thumb Code   236  tcp.o(.text)
    tcp_new                                  0x0800f59b   Thumb Code     4  tcp.o(.text)
    tcp_arg                                  0x0800f59f   Thumb Code     4  tcp.o(.text)
    tcp_recv                                 0x0800f5a3   Thumb Code    34  tcp.o(.text)
    tcp_sent                                 0x0800f5c5   Thumb Code    34  tcp.o(.text)
    tcp_err                                  0x0800f5e7   Thumb Code    36  tcp.o(.text)
    tcp_accept                               0x0800f60b   Thumb Code     4  tcp.o(.text)
    tcp_poll                                 0x0800f60f   Thumb Code    42  tcp.o(.text)
    tcp_debug_state_str                      0x0800f639   Thumb Code    10  tcp.o(.text)
    tcp_input                                0x08010339   Thumb Code  1212  tcp_in.o(.text)
    tcp_enqueue_flags                        0x0801099f   Thumb Code   286  tcp_out.o(.text)
    tcp_send_fin                             0x08010abd   Thumb Code    68  tcp_out.o(.text)
    tcp_write                                0x08010bd5   Thumb Code  1410  tcp_out.o(.text)
    tcp_send_empty_ack                       0x08011157   Thumb Code    72  tcp_out.o(.text)
    tcp_output                               0x080113af   Thumb Code   440  tcp_out.o(.text)
    tcp_rst                                  0x08011567   Thumb Code   144  tcp_out.o(.text)
    tcp_rexmit_rto                           0x080115f7   Thumb Code    44  tcp_out.o(.text)
    tcp_rexmit                               0x08011623   Thumb Code    82  tcp_out.o(.text)
    tcp_rexmit_fast                          0x08011675   Thumb Code    88  tcp_out.o(.text)
    tcp_keepalive                            0x080116cd   Thumb Code    60  tcp_out.o(.text)
    tcp_zero_window_probe                    0x08011709   Thumb Code   220  tcp_out.o(.text)
    sys_timeout                              0x080117e5   Thumb Code   104  timers.o(.text)
    tcp_timer_needed                         0x08011873   Thumb Code    34  timers.o(.text)
    sys_timeouts_init                        0x080118bd   Thumb Code    36  timers.o(.text)
    sys_untimeout                            0x080118e1   Thumb Code    68  timers.o(.text)
    sys_check_timeouts                       0x08011925   Thumb Code    74  timers.o(.text)
    sys_restart_timeouts                     0x0801196f   Thumb Code    12  timers.o(.text)
    udp_init                                 0x08011a29   Thumb Code     2  udp.o(.text)
    udp_input                                0x08011a2b   Thumb Code   328  udp.o(.text)
    udp_bind                                 0x08011b73   Thumb Code   192  udp.o(.text)
    udp_sendto_if                            0x08011c33   Thumb Code   202  udp.o(.text)
    udp_sendto                               0x08011cfd   Thumb Code    40  udp.o(.text)
    udp_send                                 0x08011d25   Thumb Code     6  udp.o(.text)
    udp_connect                              0x08011d2b   Thumb Code    70  udp.o(.text)
    udp_disconnect                           0x08011d71   Thumb Code    16  udp.o(.text)
    udp_recv                                 0x08011d81   Thumb Code     6  udp.o(.text)
    udp_remove                               0x08011d87   Thumb Code    40  udp.o(.text)
    udp_new                                  0x08011daf   Thumb Code    26  udp.o(.text)
    mem_init                                 0x08011f23   Thumb Code    44  mem.o(.text)
    mem_free                                 0x08011f4f   Thumb Code   108  mem.o(.text)
    mem_trim                                 0x08011fbb   Thumb Code   240  mem.o(.text)
    mem_malloc                               0x080120ab   Thumb Code   252  mem.o(.text)
    mem_calloc                               0x080121a7   Thumb Code    26  mem.o(.text)
    sys_now                                  0x080123b9   Thumb Code     6  sys_arch.o(.text)
    mymemcpy                                 0x080123c5   Thumb Code    16  malloc.o(.text)
    mymemset                                 0x080123d5   Thumb Code    12  malloc.o(.text)
    mymem_init                               0x080123e1   Thumb Code    52  malloc.o(.text)
    mem_perused                              0x08012415   Thumb Code    48  malloc.o(.text)
    mymem_malloc                             0x08012445   Thumb Code   136  malloc.o(.text)
    mymem_free                               0x080124cd   Thumb Code    82  malloc.o(.text)
    myfree                                   0x0801251f   Thumb Code    18  malloc.o(.text)
    mymalloc                                 0x08012531   Thumb Code    28  malloc.o(.text)
    myrealloc                                0x0801254d   Thumb Code    54  malloc.o(.text)
    __use_no_semihosting                     0x0801258d   Thumb Code     2  use_no_semi_2.o(.text)
    __2printf                                0x08012591   Thumb Code    20  noretval__2printf.o(.text)
    __2sprintf                               0x080125a9   Thumb Code    34  noretval__2sprintf.o(.text)
    _printf_pre_padding                      0x080125d1   Thumb Code    44  _printf_pad.o(.text)
    _printf_post_padding                     0x080125fd   Thumb Code    34  _printf_pad.o(.text)
    _printf_str                              0x0801261f   Thumb Code    82  _printf_str.o(.text)
    _printf_int_dec                          0x08012671   Thumb Code   104  _printf_dec.o(.text)
    _printf_int_hex                          0x080126e9   Thumb Code    84  _printf_hex_int.o(.text)
    _printf_longlong_hex                     0x080126e9   Thumb Code     0  _printf_hex_int.o(.text)
    __printf                                 0x08012741   Thumb Code   388  __printf_flags_ss_wp.o(.text)
    memcmp                                   0x080128c9   Thumb Code    88  memcmp.o(.text)
    strlen                                   0x08012921   Thumb Code    62  strlen.o(.text)
    __aeabi_memcpy                           0x0801295f   Thumb Code     0  rt_memcpy_v6.o(.text)
    __rt_memcpy                              0x0801295f   Thumb Code   138  rt_memcpy_v6.o(.text)
    _memcpy_lastbytes                        0x080129c5   Thumb Code     0  rt_memcpy_v6.o(.text)
    __aeabi_memcpy4                          0x080129e9   Thumb Code     0  rt_memcpy_w.o(.text)
    __aeabi_memcpy8                          0x080129e9   Thumb Code     0  rt_memcpy_w.o(.text)
    __rt_memcpy_w                            0x080129e9   Thumb Code   100  rt_memcpy_w.o(.text)
    _memcpy_lastbytes_aligned                0x08012a31   Thumb Code     0  rt_memcpy_w.o(.text)
    __aeabi_memclr                           0x08012a4d   Thumb Code     0  rt_memclr.o(.text)
    __rt_memclr                              0x08012a4d   Thumb Code    68  rt_memclr.o(.text)
    _memset                                  0x08012a51   Thumb Code     0  rt_memclr.o(.text)
    __aeabi_memclr4                          0x08012a91   Thumb Code     0  rt_memclr_w.o(.text)
    __aeabi_memclr8                          0x08012a91   Thumb Code     0  rt_memclr_w.o(.text)
    __rt_memclr_w                            0x08012a91   Thumb Code    78  rt_memclr_w.o(.text)
    _memset_w                                0x08012a95   Thumb Code     0  rt_memclr_w.o(.text)
    __use_two_region_memory                  0x08012adf   Thumb Code     2  heapauxi.o(.text)
    __rt_heap_escrow$2region                 0x08012ae1   Thumb Code     2  heapauxi.o(.text)
    __rt_heap_expand$2region                 0x08012ae3   Thumb Code     2  heapauxi.o(.text)
    __I$use$semihosting                      0x08012ae5   Thumb Code     0  use_no_semi.o(.text)
    __use_no_semihosting_swi                 0x08012ae5   Thumb Code     2  use_no_semi.o(.text)
    _printf_int_common                       0x08012ae7   Thumb Code   178  _printf_intcommon.o(.text)
    _printf_char_common                      0x08012ba3   Thumb Code    32  _printf_char_common.o(.text)
    _sputc                                   0x08012bc9   Thumb Code    10  _sputc.o(.text)
    _printf_cs_common                        0x08012bd3   Thumb Code    20  _printf_char.o(.text)
    _printf_char                             0x08012be7   Thumb Code    16  _printf_char.o(.text)
    _printf_string                           0x08012bf7   Thumb Code     8  _printf_char.o(.text)
    _printf_char_file                        0x08012c01   Thumb Code    32  _printf_char_file.o(.text)
    ferror                                   0x08012c25   Thumb Code     8  ferror.o(.text)
    __user_setup_stackheap                   0x08012c2d   Thumb Code    74  sys_stackheap_outer.o(.text)
    exit                                     0x08012c77   Thumb Code    18  exit.o(.text)
    __user_libspace                          0x08012c89   Thumb Code     8  libspace.o(.text)
    __user_perproc_libspace                  0x08012c89   Thumb Code     0  libspace.o(.text)
    __user_perthread_libspace                0x08012c89   Thumb Code     0  libspace.o(.text)
    _is_digit                                0x08012c91   Thumb Code    14  __printf_wp.o(i._is_digit)
    __aeabi_dadd                             0x08012ca1   Thumb Code     0  daddsub_clz.o(x$fpl$dadd)
    _dadd                                    0x08012ca1   Thumb Code   332  daddsub_clz.o(x$fpl$dadd)
    __aeabi_ddiv                             0x08012df1   Thumb Code     0  ddiv.o(x$fpl$ddiv)
    _ddiv                                    0x08012df1   Thumb Code   552  ddiv.o(x$fpl$ddiv)
    __aeabi_d2iz                             0x080130a1   Thumb Code     0  dfix.o(x$fpl$dfix)
    _dfix                                    0x080130a1   Thumb Code    94  dfix.o(x$fpl$dfix)
    __aeabi_d2uiz                            0x08013101   Thumb Code     0  dfixu.o(x$fpl$dfixu)
    _dfixu                                   0x08013101   Thumb Code    90  dfixu.o(x$fpl$dfixu)
    __aeabi_ui2d                             0x0801315b   Thumb Code     0  dflt_clz.o(x$fpl$dfltu)
    _dfltu                                   0x0801315b   Thumb Code    38  dflt_clz.o(x$fpl$dfltu)
    __aeabi_dmul                             0x08013181   Thumb Code     0  dmul.o(x$fpl$dmul)
    _dmul                                    0x08013181   Thumb Code   332  dmul.o(x$fpl$dmul)
    __fpl_dnaninf                            0x080132d5   Thumb Code   156  dnaninf.o(x$fpl$dnaninf)
    __fpl_dretinf                            0x08013371   Thumb Code    12  dretinf.o(x$fpl$dretinf)
    __aeabi_dsub                             0x0801337d   Thumb Code     0  daddsub_clz.o(x$fpl$dsub)
    _dsub                                    0x0801337d   Thumb Code   464  daddsub_clz.o(x$fpl$dsub)
    __aeabi_f2d                              0x08013551   Thumb Code     0  f2d.o(x$fpl$f2d)
    _f2d                                     0x08013551   Thumb Code    86  f2d.o(x$fpl$f2d)
    __fpl_fnaninf                            0x080135a7   Thumb Code   140  fnaninf.o(x$fpl$fnaninf)
    _fp_init                                 0x08013633   Thumb Code    10  fpinit.o(x$fpl$fpinit)
    __fplib_config_fpu_vfp                   0x0801363b   Thumb Code     0  fpinit.o(x$fpl$fpinit)
    __fplib_config_pureend_doubles           0x0801363b   Thumb Code     0  fpinit.o(x$fpl$fpinit)
    __I$use$fp                               0x0801363c   Number         0  usenofp.o(x$fpl$usenofp)
    asc2_1206                                0x0801363c   Data        1140  lcd.o(.constdata)
    asc2_1608                                0x08013ab0   Data        1520  lcd.o(.constdata)
    asc2_2412                                0x080140a0   Data        3420  lcd.o(.constdata)
    FSMC_DefaultTimingStruct                 0x08014dfc   Data          28  stm32f4xx_fsmc.o(.constdata)
    cmd                                      0x08014e18   Data          70  tcp_client_demo.o(.constdata)
    ethbroadcast                             0x08014e5e   Data           6  etharp.o(.constdata)
    ethzero                                  0x08014e64   Data           6  etharp.o(.constdata)
    ip_addr_any                              0x08014e6c   Data           4  ip_addr.o(.constdata)
    tcp_persist_backoff                      0x08014e98   Data           7  tcp.o(.constdata)
    tcp_state_str                            0x08014ea0   Data          44  tcp.o(.constdata)
    tcp_backoff                              0x08014ecc   Data          13  tcp.o(.constdata)
    tcp_pcb_lists                            0x08014edc   Data          16  tcp.o(.constdata)
    memtblsize                               0x08014eec   Data          12  malloc.o(.constdata)
    memblksize                               0x08014ef8   Data          12  malloc.o(.constdata)
    memsize                                  0x08014f04   Data          12  malloc.o(.constdata)
    Region$$Table$$Base                      0x08015320   Number         0  anon$$obj.o(Region$$Table)
    Region$$Table$$Limit                     0x08015340   Number         0  anon$$obj.o(Region$$Table)
    mem3base                                 0x10000000   Data       61440  malloc.o(.ARM.__AT_0x10000000)
    mem3mapbase                              0x1000f000   Data        3840  malloc.o(.ARM.__AT_0x1000F000)
    SystemCoreClock                          0x20000000   Data           4  system_stm32f4xx.o(.data)
    AHBPrescTable                            0x20000004   Data          16  system_stm32f4xx.o(.data)
    POINT_COLOR                              0x20000016   Data           2  lcd.o(.data)
    BACK_COLOR                               0x20000018   Data           2  lcd.o(.data)
    DMARxDscrTab                             0x2000001c   Data           4  lan8720.o(.data)
    DMATxDscrTab                             0x20000020   Data           4  lan8720.o(.data)
    Rx_Buff                                  0x20000024   Data           4  lan8720.o(.data)
    Tx_Buff                                  0x20000028   Data           4  lan8720.o(.data)
    NVIC_InitStructure                       0x2000002c   Data           4  rtc.o(.data)
    DMATxDescToSet                           0x20000040   Data           4  stm32f4x7_eth.o(.data)
    DMARxDescToGet                           0x20000044   Data           4  stm32f4x7_eth.o(.data)
    DMA_RX_FRAME_infos                       0x20000048   Data           4  stm32f4x7_eth.o(.data)
    USART_RX_STA                             0x20000050   Data           2  usart.o(.data)
    __stdout                                 0x20000054   Data           4  usart.o(.data)
    sys_cmd_tab                              0x20000058   Data          28  usmart.o(.data)
    usmart_nametab                           0x20000074   Data         112  usmart_config.o(.data)
    usmart_dev                               0x200000e4   Data         244  usmart_config.o(.data)
    TCPTimer                                 0x200001d8   Data           4  lwip_comm.o(.data)
    ARPTimer                                 0x200001dc   Data           4  lwip_comm.o(.data)
    lwip_localtime                           0x200001e0   Data           4  lwip_comm.o(.data)
    tcp_client_flag                          0x200001e4   Data           1  tcp_client_demo.o(.data)
    tmp                                      0x200001e8   Data           4  tcp_client_demo.o(.data)
    cp                                       0x200001ec   Data           4  tcp_client_demo.o(.data)
    len                                      0x200001f0   Data           4  tcp_client_demo.o(.data)
    text                                     0x200001f4   Data           4  tcp_client_demo.o(.data)
    tcp_server_flag                          0x200001f8   Data           1  tcp_server_demo.o(.data)
    tcp_server_sendbuf                       0x200001fc   Data           4  tcp_server_demo.o(.data)
    udp_demo_flag                            0x20000200   Data           1  udp_demo.o(.data)
    tcp_demo_sendbuf                         0x20000204   Data           4  udp_demo.o(.data)
    current_netif                            0x20000210   Data           4  ip.o(.data)
    current_header                           0x20000214   Data           4  ip.o(.data)
    current_iphdr_src                        0x20000218   Data           4  ip.o(.data)
    current_iphdr_dest                       0x2000021c   Data           4  ip.o(.data)
    memp_memory                              0x20000228   Data           4  memp.o(.data)
    netif_list                               0x20000230   Data           4  netif.o(.data)
    netif_default                            0x20000234   Data           4  netif.o(.data)
    tcp_active_pcbs_changed                  0x2000023c   Data           1  tcp.o(.data)
    tcp_ticks                                0x20000248   Data           4  tcp.o(.data)
    tcp_bound_pcbs                           0x2000024c   Data           4  tcp.o(.data)
    tcp_listen_pcbs                          0x20000250   Data           4  tcp.o(.data)
    tcp_active_pcbs                          0x20000254   Data           4  tcp.o(.data)
    tcp_tw_pcbs                              0x20000258   Data           4  tcp.o(.data)
    tcp_tmp_pcb                              0x2000025c   Data           4  tcp.o(.data)
    tcp_input_pcb                            0x20000278   Data           4  tcp_in.o(.data)
    udp_pcbs                                 0x2000028c   Data           4  udp.o(.data)
    ram_heap                                 0x20000290   Data           4  mem.o(.data)
    mallco_dev                               0x200002a0   Data          36  malloc.o(.data)
    lcddev                                   0x200002c4   Data          14  lcd.o(.bss)
    RX_Frame_Descriptor                      0x200002d4   Data          12  stm32f4x7_eth.o(.bss)
    USART_RX_BUF                             0x200002e0   Data         200  usart.o(.bss)
    lwipdev                                  0x200003a8   Data          23  lwip_comm.o(.bss)
    lwip_netif                               0x200003c0   Data          48  lwip_comm.o(.bss)
    tcp_client_recvbuf                       0x200003f0   Data        2000  tcp_client_demo.o(.bss)
    tcp_server_recvbuf                       0x20000bc0   Data         200  tcp_server_demo.o(.bss)
    udp_demo_recvbuf                         0x20000c88   Data         200  udp_demo.o(.bss)
    mem1base                                 0x20000e60   Data       102400  malloc.o(.bss)
    mem1mapbase                              0x20019e60   Data        6400  malloc.o(.bss)
    __libspace_start                         0x2001b760   Data          96  libspace.o(.bss)
    __temporary_stack_top$libspace           0x2001b7c0   Data           0  libspace.o(.bss)
    mem2base                                 0x68000000   Data       204800  malloc.o(.ARM.__AT_0x68000000)
    mem2mapbase                              0x68032000   Data       12800  malloc.o(.ARM.__AT_0x68032000)



==============================================================================

Memory Map of the image

  Image Entry point : 0x08000189

  Load Region LR_IROM1 (Base: 0x08000000, Size: 0x00015604, Max: 0x00100000, ABSOLUTE, COMPRESSED[0x0001541c])

    Execution Region ER_IROM1 (Base: 0x08000000, Size: 0x00015340, Max: 0x00100000, ABSOLUTE)

    Base Addr    Size         Type   Attr      Idx    E Section Name        Object

    0x08000000   0x00000188   Data   RO          585    RESET               startup_stm32f40_41xxx.o
    0x08000188   0x00000008   Code   RO         1896  * !!!main             c_w.l(__main.o)
    0x08000190   0x00000034   Code   RO         2105    !!!scatter          c_w.l(__scatter.o)
    0x080001c4   0x0000005a   Code   RO         2103    !!dczerorl2         c_w.l(__dczerorl2.o)
    0x0800021e   0x00000002   PAD
    0x08000220   0x0000001c   Code   RO         2107    !!handler_zi        c_w.l(__scatter_zi.o)
    0x0800023c   0x00000000   Code   RO         1873    .ARM.Collect$$_printf_percent$$00000000  c_w.l(_printf_percent.o)
    0x0800023c   0x00000006   Code   RO         1871    .ARM.Collect$$_printf_percent$$00000009  c_w.l(_printf_d.o)
    0x08000242   0x00000006   Code   RO         1872    .ARM.Collect$$_printf_percent$$0000000A  c_w.l(_printf_u.o)
    0x08000248   0x00000006   Code   RO         1870    .ARM.Collect$$_printf_percent$$0000000C  c_w.l(_printf_x.o)
    0x0800024e   0x00000006   Code   RO         1868    .ARM.Collect$$_printf_percent$$00000013  c_w.l(_printf_c.o)
    0x08000254   0x00000006   Code   RO         1869    .ARM.Collect$$_printf_percent$$00000014  c_w.l(_printf_s.o)
    0x0800025a   0x00000004   Code   RO         1939    .ARM.Collect$$_printf_percent$$00000017  c_w.l(_printf_percent_end.o)
    0x0800025e   0x00000002   Code   RO         1977    .ARM.Collect$$libinit$$00000000  c_w.l(libinit.o)
    0x08000260   0x00000004   Code   RO         1983    .ARM.Collect$$libinit$$00000001  c_w.l(libinit2.o)
    0x08000264   0x00000000   Code   RO         1986    .ARM.Collect$$libinit$$00000004  c_w.l(libinit2.o)
    0x08000264   0x00000000   Code   RO         1989    .ARM.Collect$$libinit$$0000000A  c_w.l(libinit2.o)
    0x08000264   0x00000000   Code   RO         1991    .ARM.Collect$$libinit$$0000000C  c_w.l(libinit2.o)
    0x08000264   0x00000000   Code   RO         1993    .ARM.Collect$$libinit$$0000000E  c_w.l(libinit2.o)
    0x08000264   0x00000000   Code   RO         1996    .ARM.Collect$$libinit$$00000011  c_w.l(libinit2.o)
    0x08000264   0x00000000   Code   RO         1998    .ARM.Collect$$libinit$$00000013  c_w.l(libinit2.o)
    0x08000264   0x00000000   Code   RO         2000    .ARM.Collect$$libinit$$00000015  c_w.l(libinit2.o)
    0x08000264   0x00000000   Code   RO         2002    .ARM.Collect$$libinit$$00000017  c_w.l(libinit2.o)
    0x08000264   0x00000000   Code   RO         2004    .ARM.Collect$$libinit$$00000019  c_w.l(libinit2.o)
    0x08000264   0x00000000   Code   RO         2006    .ARM.Collect$$libinit$$0000001B  c_w.l(libinit2.o)
    0x08000264   0x00000000   Code   RO         2008    .ARM.Collect$$libinit$$0000001D  c_w.l(libinit2.o)
    0x08000264   0x00000000   Code   RO         2010    .ARM.Collect$$libinit$$0000001F  c_w.l(libinit2.o)
    0x08000264   0x00000000   Code   RO         2012    .ARM.Collect$$libinit$$00000021  c_w.l(libinit2.o)
    0x08000264   0x00000000   Code   RO         2014    .ARM.Collect$$libinit$$00000023  c_w.l(libinit2.o)
    0x08000264   0x00000000   Code   RO         2016    .ARM.Collect$$libinit$$00000025  c_w.l(libinit2.o)
    0x08000264   0x00000000   Code   RO         2020    .ARM.Collect$$libinit$$0000002C  c_w.l(libinit2.o)
    0x08000264   0x00000000   Code   RO         2022    .ARM.Collect$$libinit$$0000002E  c_w.l(libinit2.o)
    0x08000264   0x00000000   Code   RO         2024    .ARM.Collect$$libinit$$00000030  c_w.l(libinit2.o)
    0x08000264   0x00000000   Code   RO         2026    .ARM.Collect$$libinit$$00000032  c_w.l(libinit2.o)
    0x08000264   0x00000002   Code   RO         2027    .ARM.Collect$$libinit$$00000033  c_w.l(libinit2.o)
    0x08000266   0x00000002   Code   RO         2045    .ARM.Collect$$libshutdown$$00000000  c_w.l(libshutdown.o)
    0x08000268   0x00000000   Code   RO         2055    .ARM.Collect$$libshutdown$$00000002  c_w.l(libshutdown2.o)
    0x08000268   0x00000000   Code   RO         2057    .ARM.Collect$$libshutdown$$00000004  c_w.l(libshutdown2.o)
    0x08000268   0x00000000   Code   RO         2060    .ARM.Collect$$libshutdown$$00000007  c_w.l(libshutdown2.o)
    0x08000268   0x00000000   Code   RO         2063    .ARM.Collect$$libshutdown$$0000000A  c_w.l(libshutdown2.o)
    0x08000268   0x00000000   Code   RO         2065    .ARM.Collect$$libshutdown$$0000000C  c_w.l(libshutdown2.o)
    0x08000268   0x00000000   Code   RO         2068    .ARM.Collect$$libshutdown$$0000000F  c_w.l(libshutdown2.o)
    0x08000268   0x00000002   Code   RO         2069    .ARM.Collect$$libshutdown$$00000010  c_w.l(libshutdown2.o)
    0x0800026a   0x00000000   Code   RO         1928    .ARM.Collect$$rtentry$$00000000  c_w.l(__rtentry.o)
    0x0800026a   0x00000000   Code   RO         1948    .ARM.Collect$$rtentry$$00000002  c_w.l(__rtentry2.o)
    0x0800026a   0x00000006   Code   RO         1960    .ARM.Collect$$rtentry$$00000004  c_w.l(__rtentry4.o)
    0x08000270   0x00000000   Code   RO         1950    .ARM.Collect$$rtentry$$00000009  c_w.l(__rtentry2.o)
    0x08000270   0x00000004   Code   RO         1951    .ARM.Collect$$rtentry$$0000000A  c_w.l(__rtentry2.o)
    0x08000274   0x00000000   Code   RO         1953    .ARM.Collect$$rtentry$$0000000C  c_w.l(__rtentry2.o)
    0x08000274   0x00000008   Code   RO         1954    .ARM.Collect$$rtentry$$0000000D  c_w.l(__rtentry2.o)
    0x0800027c   0x00000002   Code   RO         1981    .ARM.Collect$$rtexit$$00000000  c_w.l(rtexit.o)
    0x0800027e   0x00000000   Code   RO         2029    .ARM.Collect$$rtexit$$00000002  c_w.l(rtexit2.o)
    0x0800027e   0x00000004   Code   RO         2030    .ARM.Collect$$rtexit$$00000003  c_w.l(rtexit2.o)
    0x08000282   0x00000006   Code   RO         2031    .ARM.Collect$$rtexit$$00000004  c_w.l(rtexit2.o)
    0x08000288   0x000003b8   Code   RO            3    .text               main.o
    0x08000640   0x00000012   Code   RO          271    .text               stm32f4xx_it.o
    0x08000652   0x00000002   PAD
    0x08000654   0x0000017c   Code   RO          320    .text               system_stm32f4xx.o
    0x080007d0   0x000000d4   Code   RO          346    .text               key.o
    0x080008a4   0x00000040   Code   RO          367    .text               led.o
    0x080008e4   0x00000084   Code   RO          387    .text               timer.o
    0x08000968   0x00004616   Code   RO          412    .text               lcd.o
    0x08004f7e   0x00000002   PAD
    0x08004f80   0x000002ec   Code   RO          451    .text               lan8720.o
    0x0800526c   0x000002e0   Code   RO          478    .text               sram.o
    0x0800554c   0x000000d4   Code   RO          498    .text               adc.o
    0x08005620   0x00000040   Code   RO          518    .text               beep.o
    0x08005660   0x00000148   Code   RO          538    .text               temperature.o
    0x080057a8   0x00000228   Code   RO          561    .text               rtc.o
    0x080059d0   0x00000040   Code   RO          586    .text               startup_stm32f40_41xxx.o
    0x08005a10   0x000000b0   Code   RO          592    .text               misc.o
    0x08005ac0   0x0000020c   Code   RO          612    .text               stm32f4xx_gpio.o
    0x08005ccc   0x00000480   Code   RO          632    .text               stm32f4xx_rcc.o
    0x0800614c   0x0000007c   Code   RO          654    .text               stm32f4xx_syscfg.o
    0x080061c8   0x000009dc   Code   RO          674    .text               stm32f4xx_tim.o
    0x08006ba4   0x00000358   Code   RO          695    .text               stm32f4xx_usart.o
    0x08006efc   0x00000ab8   Code   RO          715    .text               stm32f4x7_eth.o
    0x080079b4   0x00000354   Code   RO          744    .text               stm32f4xx_adc.o
    0x08007d08   0x00000448   Code   RO          764    .text               stm32f4xx_fsmc.o
    0x08008150   0x00000a4c   Code   RO          787    .text               stm32f4xx_rtc.o
    0x08008b9c   0x000000e0   Code   RO          808    .text               stm32f4xx_exti.o
    0x08008c7c   0x00000128   Code   RO          828    .text               stm32f4xx_pwr.o
    0x08008da4   0x000000b8   Code   RO          848    .text               delay.o
    0x08008e5c   0x0000011c   Code   RO          888    .text               usart.o
    0x08008f78   0x00000b14   Code   RO          920    .text               usmart.o
    0x08009a8c   0x00000420   Code   RO          967    .text               usmart_str.o
    0x08009eac   0x00000278   Code   RO          988    .text               lwip_comm.o
    0x0800a124   0x00000830   Code   RO         1053    .text               tcp_client_demo.o
    0x0800a954   0x00000654   Code   RO         1089    .text               tcp_server_demo.o
    0x0800afa8   0x00000528   Code   RO         1115    .text               udp_demo.o
    0x0800b4d0   0x00000a88   Code   RO         1256    .text               etharp.o
    0x0800bf58   0x000001dc   Code   RO         1286    .text               ethernetif.o
    0x0800c134   0x00000330   Code   RO         1335    .text               icmp.o
    0x0800c464   0x0000024c   Code   RO         1369    .text               inet_chksum.o
    0x0800c6b0   0x00000334   Code   RO         1384    .text               ip.o
    0x0800c9e4   0x00000254   Code   RO         1417    .text               ip_addr.o
    0x0800cc38   0x0000082c   Code   RO         1441    .text               ip_frag.o
    0x0800d464   0x00000010   Code   RO         1455    .text               def.o
    0x0800d474   0x0000001e   Code   RO         1480    .text               init.o
    0x0800d492   0x00000002   PAD
    0x0800d494   0x0000017c   Code   RO         1510    .text               memp.o
    0x0800d610   0x00000254   Code   RO         1536    .text               netif.o
    0x0800d864   0x00000d1a   Code   RO         1559    .text               pbuf.o
    0x0800e57e   0x00000002   PAD
    0x0800e580   0x000001f8   Code   RO         1572    .text               raw.o
    0x0800e778   0x00000ff0   Code   RO         1592    .text               tcp.o
    0x0800f768   0x0000111c   Code   RO         1617    .text               tcp_in.o
    0x08010884   0x00000f60   Code   RO         1640    .text               tcp_out.o
    0x080117e4   0x00000244   Code   RO         1653    .text               timers.o
    0x08011a28   0x00000460   Code   RO         1667    .text               udp.o
    0x08011e88   0x00000530   Code   RO         1686    .text               mem.o
    0x080123b8   0x0000000c   Code   RO         1703    .text               sys_arch.o
    0x080123c4   0x000001c8   Code   RO         1775    .text               malloc.o
    0x0801258c   0x00000002   Code   RO         1809    .text               c_w.l(use_no_semi_2.o)
    0x0801258e   0x00000002   PAD
    0x08012590   0x00000018   Code   RO         1815    .text               c_w.l(noretval__2printf.o)
    0x080125a8   0x00000028   Code   RO         1817    .text               c_w.l(noretval__2sprintf.o)
    0x080125d0   0x0000004e   Code   RO         1821    .text               c_w.l(_printf_pad.o)
    0x0801261e   0x00000052   Code   RO         1823    .text               c_w.l(_printf_str.o)
    0x08012670   0x00000078   Code   RO         1825    .text               c_w.l(_printf_dec.o)
    0x080126e8   0x00000058   Code   RO         1830    .text               c_w.l(_printf_hex_int.o)
    0x08012740   0x00000188   Code   RO         1865    .text               c_w.l(__printf_flags_ss_wp.o)
    0x080128c8   0x00000058   Code   RO         1878    .text               c_w.l(memcmp.o)
    0x08012920   0x0000003e   Code   RO         1880    .text               c_w.l(strlen.o)
    0x0801295e   0x0000008a   Code   RO         1884    .text               c_w.l(rt_memcpy_v6.o)
    0x080129e8   0x00000064   Code   RO         1886    .text               c_w.l(rt_memcpy_w.o)
    0x08012a4c   0x00000044   Code   RO         1888    .text               c_w.l(rt_memclr.o)
    0x08012a90   0x0000004e   Code   RO         1890    .text               c_w.l(rt_memclr_w.o)
    0x08012ade   0x00000006   Code   RO         1894    .text               c_w.l(heapauxi.o)
    0x08012ae4   0x00000002   Code   RO         1926    .text               c_w.l(use_no_semi.o)
    0x08012ae6   0x000000b2   Code   RO         1929    .text               c_w.l(_printf_intcommon.o)
    0x08012b98   0x00000030   Code   RO         1931    .text               c_w.l(_printf_char_common.o)
    0x08012bc8   0x0000000a   Code   RO         1933    .text               c_w.l(_sputc.o)
    0x08012bd2   0x0000002c   Code   RO         1935    .text               c_w.l(_printf_char.o)
    0x08012bfe   0x00000002   PAD
    0x08012c00   0x00000024   Code   RO         1937    .text               c_w.l(_printf_char_file.o)
    0x08012c24   0x00000008   Code   RO         1964    .text               c_w.l(ferror.o)
    0x08012c2c   0x0000004a   Code   RO         1968    .text               c_w.l(sys_stackheap_outer.o)
    0x08012c76   0x00000012   Code   RO         1970    .text               c_w.l(exit.o)
    0x08012c88   0x00000008   Code   RO         1978    .text               c_w.l(libspace.o)
    0x08012c90   0x0000000e   Code   RO         1858    i._is_digit         c_w.l(__printf_wp.o)
    0x08012c9e   0x00000002   PAD
    0x08012ca0   0x00000150   Code   RO         1898    x$fpl$dadd          fz_wm.l(daddsub_clz.o)
    0x08012df0   0x000002b0   Code   RO         1905    x$fpl$ddiv          fz_wm.l(ddiv.o)
    0x080130a0   0x0000005e   Code   RO         1908    x$fpl$dfix          fz_wm.l(dfix.o)
    0x080130fe   0x00000002   PAD
    0x08013100   0x0000005a   Code   RO         1912    x$fpl$dfixu         fz_wm.l(dfixu.o)
    0x0801315a   0x00000026   Code   RO         1916    x$fpl$dfltu         fz_wm.l(dflt_clz.o)
    0x08013180   0x00000154   Code   RO         1922    x$fpl$dmul          fz_wm.l(dmul.o)
    0x080132d4   0x0000009c   Code   RO         1940    x$fpl$dnaninf       fz_wm.l(dnaninf.o)
    0x08013370   0x0000000c   Code   RO         1942    x$fpl$dretinf       fz_wm.l(dretinf.o)
    0x0801337c   0x000001d4   Code   RO         1900    x$fpl$dsub          fz_wm.l(daddsub_clz.o)
    0x08013550   0x00000056   Code   RO         1924    x$fpl$f2d           fz_wm.l(f2d.o)
    0x080135a6   0x0000008c   Code   RO         1944    x$fpl$fnaninf       fz_wm.l(fnaninf.o)
    0x08013632   0x0000000a   Code   RO         2037    x$fpl$fpinit        fz_wm.l(fpinit.o)
    0x0801363c   0x00000000   Code   RO         1946    x$fpl$usenofp       fz_wm.l(usenofp.o)
    0x0801363c   0x000017c0   Data   RO          414    .constdata          lcd.o
    0x08014dfc   0x0000001c   Data   RO          765    .constdata          stm32f4xx_fsmc.o
    0x08014e18   0x00000046   Data   RO         1055    .constdata          tcp_client_demo.o
    0x08014e5e   0x0000000c   Data   RO         1258    .constdata          etharp.o
    0x08014e6a   0x00000002   PAD
    0x08014e6c   0x00000004   Data   RO         1419    .constdata          ip_addr.o
    0x08014e70   0x00000028   Data   RO         1512    .constdata          memp.o
    0x08014e98   0x00000054   Data   RO         1593    .constdata          tcp.o
    0x08014eec   0x00000024   Data   RO         1782    .constdata          malloc.o
    0x08014f10   0x00000028   Data   RO         1831    .constdata          c_w.l(_printf_hex_int.o)
    0x08014f38   0x00000011   Data   RO         1866    .constdata          c_w.l(__printf_flags_ss_wp.o)
    0x08014f49   0x00000003   PAD
    0x08014f4c   0x00000028   Data   RO          921    .conststring        usmart.o
    0x08014f74   0x0000025f   Data   RO          945    .conststring        usmart_config.o
    0x080151d3   0x00000001   PAD
    0x080151d4   0x0000000e   Data   RO         1091    .conststring        tcp_server_demo.o
    0x080151e2   0x00000002   PAD
    0x080151e4   0x00000028   Data   RO         1117    .conststring        udp_demo.o
    0x0801520c   0x00000044   Data   RO         1259    .conststring        etharp.o
    0x08015250   0x00000075   Data   RO         1594    .conststring        tcp.o
    0x080152c5   0x00000003   PAD
    0x080152c8   0x00000055   Data   RO         1641    .conststring        tcp_out.o
    0x0801531d   0x00000003   PAD
    0x08015320   0x00000020   Data   RO         2101    Region$$Table       anon$$obj.o


    Execution Region RW_IRAM1 (Base: 0x20000000, Size: 0x0001bdc0, Max: 0x00020000, ABSOLUTE, COMPRESSED[0x000000dc])

    Base Addr    Size         Type   Attr      Idx    E Section Name        Object

    0x20000000   0x00000014   Data   RW          321    .data               system_stm32f4xx.o
    0x20000014   0x00000001   Data   RW          347    .data               key.o
    0x20000015   0x00000001   PAD
    0x20000016   0x00000004   Data   RW          415    .data               lcd.o
    0x2000001a   0x00000002   PAD
    0x2000001c   0x00000010   Data   RW          452    .data               lan8720.o
    0x2000002c   0x00000004   Data   RW          562    .data               rtc.o
    0x20000030   0x00000010   Data   RW          633    .data               stm32f4xx_rcc.o
    0x20000040   0x0000000c   Data   RW          717    .data               stm32f4x7_eth.o
    0x2000004c   0x00000004   Data   RW          849    .data               delay.o
    0x20000050   0x00000002   Data   RW          890    .data               usart.o
    0x20000052   0x00000002   PAD
    0x20000054   0x00000004   Data   RW          891    .data               usart.o
    0x20000058   0x0000001c   Data   RW          922    .data               usmart.o
    0x20000074   0x00000070   Data   RW          946    .data               usmart_config.o
    0x200000e4   0x000000f4   Data   RW          947    .data               usmart_config.o
    0x200001d8   0x0000000c   Data   RW          990    .data               lwip_comm.o
    0x200001e4   0x00000014   Data   RW         1058    .data               tcp_client_demo.o
    0x200001f8   0x00000008   Data   RW         1092    .data               tcp_server_demo.o
    0x20000200   0x00000008   Data   RW         1118    .data               udp_demo.o
    0x20000208   0x00000001   Data   RW         1260    .data               etharp.o
    0x20000209   0x00000003   PAD
    0x2000020c   0x00000014   Data   RW         1385    .data               ip.o
    0x20000220   0x00000008   Data   RW         1442    .data               ip_frag.o
    0x20000228   0x00000004   Data   RW         1513    .data               memp.o
    0x2000022c   0x0000000c   Data   RW         1537    .data               netif.o
    0x20000238   0x00000004   Data   RW         1573    .data               raw.o
    0x2000023c   0x00000024   Data   RW         1595    .data               tcp.o
    0x20000260   0x0000001c   Data   RW         1619    .data               tcp_in.o
    0x2000027c   0x0000000c   Data   RW         1654    .data               timers.o
    0x20000288   0x00000008   Data   RW         1668    .data               udp.o
    0x20000290   0x00000010   Data   RW         1687    .data               mem.o
    0x200002a0   0x00000024   Data   RW         1783    .data               malloc.o
    0x200002c4   0x0000000e   Zero   RW          413    .bss                lcd.o
    0x200002d2   0x00000002   PAD
    0x200002d4   0x0000000c   Zero   RW          716    .bss                stm32f4x7_eth.o
    0x200002e0   0x000000c8   Zero   RW          889    .bss                usart.o
    0x200003a8   0x00000048   Zero   RW          989    .bss                lwip_comm.o
    0x200003f0   0x000007d0   Zero   RW         1054    .bss                tcp_client_demo.o
    0x20000bc0   0x000000c8   Zero   RW         1090    .bss                tcp_server_demo.o
    0x20000c88   0x000000c8   Zero   RW         1116    .bss                udp_demo.o
    0x20000d50   0x000000c8   Zero   RW         1257    .bss                etharp.o
    0x20000e18   0x00000010   Zero   RW         1418    .bss                ip_addr.o
    0x20000e28   0x00000028   Zero   RW         1511    .bss                memp.o
    0x20000e50   0x00000010   Zero   RW         1618    .bss                tcp_in.o
    0x20000e60   0x00019000   Zero   RW         1780    .bss                malloc.o
    0x20019e60   0x00001900   Zero   RW         1781    .bss                malloc.o
    0x2001b760   0x00000060   Zero   RW         1979    .bss                c_w.l(libspace.o)
    0x2001b7c0   0x00000200   Zero   RW          584    HEAP                startup_stm32f40_41xxx.o
    0x2001b9c0   0x00000400   Zero   RW          583    STACK               startup_stm32f40_41xxx.o



  Load Region LR$$.ARM.__AT_0x10000000 (Base: 0x10000000, Size: 0x00000000, Max: 0x0000f000, ABSOLUTE)

    Execution Region ER$$.ARM.__AT_0x10000000 (Base: 0x10000000, Size: 0x0000f000, Max: 0x0000f000, ABSOLUTE, UNINIT)

    Base Addr    Size         Type   Attr      Idx    E Section Name        Object

    0x10000000   0x0000f000   Zero   RW         1776    .ARM.__AT_0x10000000  malloc.o



  Load Region LR$$.ARM.__AT_0x1000F000 (Base: 0x1000f000, Size: 0x00000000, Max: 0x00000f00, ABSOLUTE)

    Execution Region ER$$.ARM.__AT_0x1000F000 (Base: 0x1000f000, Size: 0x00000f00, Max: 0x00000f00, ABSOLUTE, UNINIT)

    Base Addr    Size         Type   Attr      Idx    E Section Name        Object

    0x1000f000   0x00000f00   Zero   RW         1777    .ARM.__AT_0x1000F000  malloc.o



  Load Region LR$$.ARM.__AT_0x68000000 (Base: 0x68000000, Size: 0x00000000, Max: 0x00032000, ABSOLUTE)

    Execution Region ER$$.ARM.__AT_0x68000000 (Base: 0x68000000, Size: 0x00032000, Max: 0x00032000, ABSOLUTE, UNINIT)

    Base Addr    Size         Type   Attr      Idx    E Section Name        Object

    0x68000000   0x00032000   Zero   RW         1778    .ARM.__AT_0x68000000  malloc.o



  Load Region LR$$.ARM.__AT_0x68032000 (Base: 0x68032000, Size: 0x00000000, Max: 0x00003200, ABSOLUTE)

    Execution Region ER$$.ARM.__AT_0x68032000 (Base: 0x68032000, Size: 0x00003200, Max: 0x00003200, ABSOLUTE, UNINIT)

    Base Addr    Size         Type   Attr      Idx    E Section Name        Object

    0x68032000   0x00003200   Zero   RW         1779    .ARM.__AT_0x68032000  malloc.o


==============================================================================

Image component sizes


      Code (inc. data)   RO Data    RW Data    ZI Data      Debug   Object Name

       212         10          0          0          0       1243   adc.o
        64          6          0          0          0        616   beep.o
        16          0          0          0          0       1592   def.o
       184          4          0          4          0       1657   delay.o
      2696        584         80          1        200      11109   etharp.o
       476        132          0          0          0       5130   ethernetif.o
       816        374          0          0          0       2606   icmp.o
         0          0          0          0          0       3896   inet.o
       588        104          0          0          0       3545   inet_chksum.o
        30          0          0          0          0        612   init.o
       820        156          0         20          0       7391   ip.o
       596        112          4          0         16       9839   ip_addr.o
      2092        464          0          8          0       7572   ip_frag.o
       212         22          0          1          0        996   key.o
       748         40          0         16          0       3933   lan8720.o
     17942        114       6080          4         14      24886   lcd.o
        64          6          0          0          0        607   led.o
       632        230          0         12         72      18612   lwip_comm.o
       952        326          0          0          0     373984   main.o
       456         10         36         36     391680       5445   malloc.o
      1328        504          0         16          0       4238   mem.o
       380        192         40          4         40       3232   memp.o
       176         12          0          0          0       2265   misc.o
       596        118          0         12          0       6919   netif.o
      3354       1232          0          0          0       9991   pbuf.o
       504        132          0          4          0       3793   raw.o
       552         20          0          4          0       3454   rtc.o
       736         22          0          0          0       2088   sram.o
        64         26        392          0       1536        880   startup_stm32f40_41xxx.o
      2744         86          0         12         12      21224   stm32f4x7_eth.o
       852         20          0          0          0      11230   stm32f4xx_adc.o
       224         10          0          0          0       2715   stm32f4xx_exti.o
      1096         10         28          0          0       6510   stm32f4xx_fsmc.o
       524         44          0          0          0       4785   stm32f4xx_gpio.o
        18          0          0          0          0       1282   stm32f4xx_it.o
       296         12          0          0          0       3931   stm32f4xx_pwr.o
      1152         48          0         16          0      13748   stm32f4xx_rcc.o
      2636         48          0          0          0      16554   stm32f4xx_rtc.o
       124         16          0          0          0       2033   stm32f4xx_syscfg.o
      2524         52          0          0          0      24314   stm32f4xx_tim.o
       856         32          0          0          0       8600   stm32f4xx_usart.o
        12          6          0          0          0        546   sys_arch.o
       380         36          0         20          0       2095   system_stm32f4xx.o
      4080        994        201         36          0      23093   tcp.o
      2096        420         70         20       2000       5748   tcp_client_demo.o
      4380        810          0         28         16      15523   tcp_in.o
      3936        862         85          0          0      11123   tcp_out.o
      1620        334         14          8        200       5546   tcp_server_demo.o
       328         48          0          0          0       1962   temperature.o
       132          8          0          0          0        916   timer.o
       580        174          0         12          0       3011   timers.o
      1120        192          0          8          0       7592   udp.o
      1320        290         40          8        200       6011   udp_demo.o
       284         16          0          6        200       3594   usart.o
      2836       1292         40         28          0       4940   usmart.o
         0          0        607        356          0       1748   usmart_config.o
      1056         12          0          0          0       6371   usmart_str.o

    ----------------------------------------------------------------------
     74500      10824       7760        708     396188     738876   Object Totals
         0          0         32          0          0          0   (incl. Generated)
         8          0         11          8          2          0   (incl. Padding)

    ----------------------------------------------------------------------

      Code (inc. data)   RO Data    RW Data    ZI Data      Debug   Library Member Name

        90          0          0          0          0          0   __dczerorl2.o
         8          0          0          0          0         68   __main.o
       392          4         17          0          0         92   __printf_flags_ss_wp.o
        14          0          0          0          0         68   __printf_wp.o
         0          0          0          0          0          0   __rtentry.o
        12          0          0          0          0          0   __rtentry2.o
         6          0          0          0          0          0   __rtentry4.o
        52          8          0          0          0          0   __scatter.o
        28          0          0          0          0          0   __scatter_zi.o
         6          0          0          0          0          0   _printf_c.o
        44          0          0          0          0        108   _printf_char.o
        48          6          0          0          0         96   _printf_char_common.o
        36          4          0          0          0         80   _printf_char_file.o
         6          0          0          0          0          0   _printf_d.o
       120         16          0          0          0         92   _printf_dec.o
        88          4         40          0          0         88   _printf_hex_int.o
       178          0          0          0          0         88   _printf_intcommon.o
        78          0          0          0          0        108   _printf_pad.o
         0          0          0          0          0          0   _printf_percent.o
         4          0          0          0          0          0   _printf_percent_end.o
         6          0          0          0          0          0   _printf_s.o
        82          0          0          0          0         80   _printf_str.o
         6          0          0          0          0          0   _printf_u.o
         6          0          0          0          0          0   _printf_x.o
        10          0          0          0          0         68   _sputc.o
        18          0          0          0          0         80   exit.o
         8          0          0          0          0         68   ferror.o
         6          0          0          0          0        152   heapauxi.o
         2          0          0          0          0          0   libinit.o
         6          0          0          0          0          0   libinit2.o
         2          0          0          0          0          0   libshutdown.o
         2          0          0          0          0          0   libshutdown2.o
         8          4          0          0         96         68   libspace.o
        88          0          0          0          0         76   memcmp.o
        24          4          0          0          0         84   noretval__2printf.o
        40          6          0          0          0         84   noretval__2sprintf.o
        68          0          0          0          0         68   rt_memclr.o
        78          0          0          0          0         80   rt_memclr_w.o
       138          0          0          0          0         68   rt_memcpy_v6.o
       100          0          0          0          0         80   rt_memcpy_w.o
         2          0          0          0          0          0   rtexit.o
        10          0          0          0          0          0   rtexit2.o
        62          0          0          0          0         76   strlen.o
        74          0          0          0          0         80   sys_stackheap_outer.o
         2          0          0          0          0         68   use_no_semi.o
         2          0          0          0          0         68   use_no_semi_2.o
       804         16          0          0          0        368   daddsub_clz.o
       688        140          0          0          0        256   ddiv.o
        94          4          0          0          0        140   dfix.o
        90          4          0          0          0        140   dfixu.o
        38          0          0          0          0        116   dflt_clz.o
       340         12          0          0          0        152   dmul.o
       156          4          0          0          0        140   dnaninf.o
        12          0          0          0          0        116   dretinf.o
        86          4          0          0          0        132   f2d.o
       140          4          0          0          0        132   fnaninf.o
        10          0          0          0          0        116   fpinit.o
         0          0          0          0          0          0   usenofp.o

    ----------------------------------------------------------------------
      4528        244         60          0         96       4044   Library Totals
        10          0          3          0          0          0   (incl. Padding)

    ----------------------------------------------------------------------

      Code (inc. data)   RO Data    RW Data    ZI Data      Debug   Library Name

      2060         56         57          0         96       2236   c_w.l
      2458        188          0          0          0       1808   fz_wm.l

    ----------------------------------------------------------------------
      4528        244         60          0         96       4044   Library Totals

    ----------------------------------------------------------------------

==============================================================================


      Code (inc. data)   RO Data    RW Data    ZI Data      Debug   

     79028      11068       7820        708     396284     727624   Grand Totals
     79028      11068       7820        220     396284     727624   ELF Image Totals (compressed)
     79028      11068       7820        220          0          0   ROM Totals

==============================================================================

    Total RO  Size (Code + RO Data)                86848 (  84.81kB)
    Total RW  Size (RW Data + ZI Data)            396992 ( 387.69kB)
    Total ROM Size (Code + RO Data + RW Data)      87068 (  85.03kB)

==============================================================================

